OpenROAD 41a51eaf4ca2171c92ff38afb91eb37bbd3f36da 
This program is licensed under the BSD-3 license. See the LICENSE file for details.
Components of this program may be licensed under more restrictive licenses which must be honored.
[INFO]: Reading ODB at '/home/prabhat/Work_Ubuntu/RV32I_Single-Cycle_32-bit_RISC-V_Processor/openlane/riscv32_singlecycle_top/runs/rv32i_macro_GDS_flow/tmp/cts/15-riscv32_singlecycle_top.resized.odb'…
define_corners Typical
read_liberty -corner Typical /home/prabhat/.ciel/sky130A/libs.ref/sky130_fd_sc_hd/lib/sky130_fd_sc_hd__tt_025C_1v80.lib
read_liberty -corner Typical /home/prabhat/.ciel/sky130A/libs.ref/sky130_sram_macros/lib/sky130_sram_1kbyte_1rw1r_32x256_8_TT_1p8V_25C.lib
Using 1e-12 for capacitance...
Using 1e+03 for resistance...
Using 1e-09 for time...
Using 1e+00 for voltage...
Using 1e-03 for current...
Using 1e-09 for power...
Using 1e-06 for distance...
Reading design constraints file at '/home/prabhat/Work_Ubuntu/RV32I_Single-Cycle_32-bit_RISC-V_Processor/openlane/riscv32_singlecycle_top/runs/rv32i_macro_GDS_flow/tmp/cts/15-riscv32_singlecycle_top.resized.sdc'…
[INFO]: Setting signal min routing layer to: met1 and clock min routing layer to met3. 
[INFO]: Setting signal max routing layer to: met5 and clock max routing layer to met5. 
-congestion_iterations 50 -verbose -congestion_report_file /home/prabhat/Work_Ubuntu/RV32I_Single-Cycle_32-bit_RISC-V_Processor/openlane/riscv32_singlecycle_top/runs/rv32i_macro_GDS_flow/tmp/routing/groute-congestion.rpt
[INFO GRT-0020] Min routing layer: met1
[INFO GRT-0021] Max routing layer: met5
[INFO GRT-0022] Global adjustment: 5%
[INFO GRT-0023] Grid origin: (0, 0)
[INFO GRT-0043] No OR_DEFAULT vias defined.
[INFO GRT-0088] Layer li1     Track-Pitch = 0.4600  line-2-Via Pitch: 0.3400
[INFO GRT-0088] Layer met1    Track-Pitch = 0.3400  line-2-Via Pitch: 0.3400
[INFO GRT-0088] Layer met2    Track-Pitch = 0.4600  line-2-Via Pitch: 0.3500
[INFO GRT-0088] Layer met3    Track-Pitch = 0.6800  line-2-Via Pitch: 0.6150
[INFO GRT-0088] Layer met4    Track-Pitch = 0.9200  line-2-Via Pitch: 1.0400
[INFO GRT-0088] Layer met5    Track-Pitch = 3.4000  line-2-Via Pitch: 3.1100
[INFO GRT-0019] Found 6 clock nets.
[INFO GRT-0001] Minimum degree: 2
[INFO GRT-0002] Maximum degree: 16
[INFO GRT-0003] Macros: 4
[INFO GRT-0004] Blockages: 2971

[INFO GRT-0053] Routing resources analysis:
          Routing      Original      Derated      Resource
Layer     Direction    Resources     Resources    Reduction (%)
---------------------------------------------------------------
li1        Vertical            0             0          0.00%
met1       Horizontal    1210320        689537          43.03%
met2       Vertical       907740        618208          31.90%
met3       Horizontal     605160        397608          34.30%
met4       Vertical       363096        214585          40.90%
met5       Horizontal     121032         58600          51.58%
---------------------------------------------------------------

[INFO GRT-0101] Running extra iterations to remove overflow.
[INFO GRT-0197] Via related to pin nodes: 16547
[INFO GRT-0198] Via related Steiner nodes: 746
[INFO GRT-0199] Via filling finished.
[INFO GRT-0111] Final number of vias: 20410
[INFO GRT-0112] Final usage 3D: 121967

[INFO GRT-0096] Final congestion report:
Layer         Resource        Demand        Usage (%)    Max H / Max V / Total Overflow
---------------------------------------------------------------------------------------
li1                  0             0            0.00%             0 /  0 /  0
met1            689537         24261            3.52%             0 /  0 /  0
met2            618208         32652            5.28%             0 /  0 /  0
met3            397608          1749            0.44%             0 /  0 /  0
met4            214585          1485            0.69%             0 /  0 /  0
met5             58600           590            1.01%             0 /  0 /  0
---------------------------------------------------------------------------------------
Total          1978538         60737            3.07%             0 /  0 /  0

[INFO GRT-0018] Total wirelength: 511241 um
[INFO GRT-0014] Routed nets: 3741
[INFO GRT-0006] Repairing antennas, iteration 1.
[INFO GRT-0043] No OR_DEFAULT vias defined.
[WARNING ANT-0009] Net u_regfile.wd\[11\] requires more than 10 diodes per gate to repair violations.
[WARNING ANT-0009] Net u_regfile.wd\[19\] requires more than 10 diodes per gate to repair violations.
[WARNING ANT-0009] Net u_regfile.wd\[3\] requires more than 10 diodes per gate to repair violations.
[WARNING ANT-0009] Net u_regfile.wd\[4\] requires more than 10 diodes per gate to repair violations.
[WARNING ANT-0009] Net net58 requires more than 10 diodes per gate to repair violations.
[WARNING ANT-0009] Net net168 requires more than 10 diodes per gate to repair violations.
[INFO GRT-0012] Found 38 antenna violations.
[INFO GRT-0015] Inserted 473 diodes.
[INFO GRT-0054] Using detailed placer to place 183 diodes.
[INFO GRT-0009] rerouting 2884 nets.
[INFO GRT-0001] Minimum degree: 2
[INFO GRT-0002] Maximum degree: 59
[INFO GRT-0006] Repairing antennas, iteration 2.
[INFO GRT-0043] No OR_DEFAULT vias defined.
[INFO GRT-0012] Found 10 antenna violations.
[INFO GRT-0015] Inserted 82 diodes.
[INFO GRT-0054] Using detailed placer to place 19 diodes.
[INFO GRT-0009] rerouting 77 nets.
[INFO GRT-0001] Minimum degree: 2
[INFO GRT-0002] Maximum degree: 41
[INFO GRT-0006] Repairing antennas, iteration 3.
[INFO GRT-0043] No OR_DEFAULT vias defined.
[INFO GRT-0012] Found 0 antenna violations.
Setting global connections for newly added cells…
Writing OpenROAD database to '/home/prabhat/Work_Ubuntu/RV32I_Single-Cycle_32-bit_RISC-V_Processor/openlane/riscv32_singlecycle_top/runs/rv32i_macro_GDS_flow/tmp/routing/16-global.odb'…
Writing layout to '/home/prabhat/Work_Ubuntu/RV32I_Single-Cycle_32-bit_RISC-V_Processor/openlane/riscv32_singlecycle_top/runs/rv32i_macro_GDS_flow/tmp/routing/16-global.def'…
Writing routing guides to '/home/prabhat/Work_Ubuntu/RV32I_Single-Cycle_32-bit_RISC-V_Processor/openlane/riscv32_singlecycle_top/runs/rv32i_macro_GDS_flow/tmp/routing/16-global.guide'…
