
===========================================================================
 report_power
============================================================================
======================= Fastest Corner ===================================

Group                  Internal  Switching    Leakage      Total
                          Power      Power      Power      Power (Watts)
----------------------------------------------------------------
Sequential             8.46e-05   7.93e-05   7.26e-10   1.64e-04   7.8%
Combinational          4.62e-04   1.47e-03   1.05e-07   1.93e-03  92.2%
Macro                  0.00e+00   0.00e+00   0.00e+00   0.00e+00   0.0%
Pad                    0.00e+00   0.00e+00   0.00e+00   0.00e+00   0.0%
----------------------------------------------------------------
Total                  5.47e-04   1.55e-03   1.06e-07   2.09e-03 100.0%
                          26.1%      73.9%       0.0%

======================= Slowest Corner ===================================

Group                  Internal  Switching    Leakage      Total
                          Power      Power      Power      Power (Watts)
----------------------------------------------------------------
Sequential             5.60e-05   5.31e-05   5.28e-07   1.10e-04   7.6%
Combinational          3.38e-04   9.85e-04   1.79e-05   1.34e-03  92.4%
Macro                  0.00e+00   0.00e+00   0.00e+00   0.00e+00   0.0%
Pad                    0.00e+00   0.00e+00   0.00e+00   0.00e+00   0.0%
----------------------------------------------------------------
Total                  3.94e-04   1.04e-03   1.84e-05   1.45e-03 100.0%
                          27.2%      71.6%       1.3%

======================= Typical Corner ===================================

Group                  Internal  Switching    Leakage      Total
                          Power      Power      Power      Power (Watts)
----------------------------------------------------------------
Sequential             7.19e-05   6.74e-05   2.80e-10   1.39e-04   7.7%
Combinational          4.17e-04   1.25e-03   9.02e-08   1.67e-03  92.3%
Macro                  0.00e+00   0.00e+00   0.00e+00   0.00e+00   0.0%
Pad                    0.00e+00   0.00e+00   0.00e+00   0.00e+00   0.0%
----------------------------------------------------------------
Total                  4.89e-04   1.32e-03   9.05e-08   1.80e-03 100.0%
                          27.1%      72.9%       0.0%

