VCD info: dumpfile Verification_Results/vcd/tb_imem_program_2.vcd opened for output.
WARNING: /home/prabhat/Work_Fedora/RV32I_Single-Cycle_32-bit_RISC-V_Processor/RTL_Verification/tb_imem_program_2.v:168: $readmemh(program_2.hex): Not enough words in the file for the requested range [0:4095].
====================================================
 IMEM VERIFICATION STARTED — Author: Prabhat Pandey
====================================================

----------------------------------------------------------------
TEST :                  Fetch: NOP (ADDI x0, x0, 0) @ PC=0x00000000
Inputs:
   addr (byte) = 00000000
   addr[31:2]  = 00000000

Expected:
   instr       = 00000013

Got:
   instr       = 00000013
STATUS: PASS
----------------------------------------------------------------

----------------------------------------------------------------
TEST :                       Fetch: ADDI x1, x0, 10 @ PC=0x00000004
Inputs:
   addr (byte) = 00000004
   addr[31:2]  = 00000001

Expected:
   instr       = 00a00093

Got:
   instr       = 00a00093
STATUS: PASS
----------------------------------------------------------------

----------------------------------------------------------------
TEST :                       Fetch: ADDI x2, x0, 20 @ PC=0x00000008
Inputs:
   addr (byte) = 00000008
   addr[31:2]  = 00000002

Expected:
   instr       = 01400113

Got:
   instr       = 01400113
STATUS: PASS
----------------------------------------------------------------

----------------------------------------------------------------
TEST :                        Fetch: ADD x3, x1, x2 @ PC=0x0000000C
Inputs:
   addr (byte) = 0000000c
   addr[31:2]  = 00000003

Expected:
   instr       = 002081b3

Got:
   instr       = 002081b3
STATUS: PASS
----------------------------------------------------------------

----------------------------------------------------------------
TEST :                        Fetch: SUB x4, x1, x2 @ PC=0x00000010
Inputs:
   addr (byte) = 00000010
   addr[31:2]  = 00000004

Expected:
   instr       = 40208233

Got:
   instr       = 40208233
STATUS: PASS
----------------------------------------------------------------

----------------------------------------------------------------
TEST :                      Fetch: ANDI x5, x7, 255 @ PC=0x00000014
Inputs:
   addr (byte) = 00000014
   addr[31:2]  = 00000005

Expected:
   instr       = 0ff3f293

Got:
   instr       = 0ff3f293
STATUS: PASS
----------------------------------------------------------------

----------------------------------------------------------------
TEST :                       Fetch: ORI x6, x2, 240 @ PC=0x00000018
Inputs:
   addr (byte) = 00000018
   addr[31:2]  = 00000006

Expected:
   instr       = 0f016313

Got:
   instr       = 0f016313
STATUS: PASS
----------------------------------------------------------------

----------------------------------------------------------------
TEST :                       Fetch: XORI x7, x5, 85 @ PC=0x0000001C
Inputs:
   addr (byte) = 0000001c
   addr[31:2]  = 00000007

Expected:
   instr       = 0552c393

Got:
   instr       = 0552c393
STATUS: PASS
----------------------------------------------------------------

----------------------------------------------------------------
TEST :                        Fetch: SLLI x8, x1, 2 @ PC=0x00000020
Inputs:
   addr (byte) = 00000020
   addr[31:2]  = 00000008

Expected:
   instr       = 00209413

Got:
   instr       = 00209413
STATUS: PASS
----------------------------------------------------------------

----------------------------------------------------------------
TEST :                        Fetch: SRLI x9, x3, 1 @ PC=0x00000024
Inputs:
   addr (byte) = 00000024
   addr[31:2]  = 00000009

Expected:
   instr       = 0011d493

Got:
   instr       = 0011d493
STATUS: PASS
----------------------------------------------------------------

----------------------------------------------------------------
TEST :                      Fetch: SLTI x10, x1, 15 @ PC=0x00000028
Inputs:
   addr (byte) = 00000028
   addr[31:2]  = 0000000a

Expected:
   instr       = 00f0a513

Got:
   instr       = 00f0a513
STATUS: PASS
----------------------------------------------------------------

----------------------------------------------------------------
TEST :                     Fetch: SLTU x11, x2, x25 @ PC=0x0000002C
Inputs:
   addr (byte) = 0000002c
   addr[31:2]  = 0000000b

Expected:
   instr       = 019135b3

Got:
   instr       = 019135b3
STATUS: PASS
----------------------------------------------------------------

----------------------------------------------------------------
TEST :                          Fetch: SW x3, 0(x0) @ PC=0x00000030
Inputs:
   addr (byte) = 00000030
   addr[31:2]  = 0000000c

Expected:
   instr       = 00302023

Got:
   instr       = 00302023
STATUS: PASS
----------------------------------------------------------------

----------------------------------------------------------------
TEST :                         Fetch: LW x12, 0(x0) @ PC=0x00000034
Inputs:
   addr (byte) = 00000034
   addr[31:2]  = 0000000d

Expected:
   instr       = 00002603

Got:
   instr       = 00002603
STATUS: PASS
----------------------------------------------------------------

----------------------------------------------------------------
TEST :                       Fetch: BEQ x3, x12, +8 @ PC=0x00000038
Inputs:
   addr (byte) = 00000038
   addr[31:2]  = 0000000e

Expected:
   instr       = 00c18463

Got:
   instr       = 00c18463
STATUS: PASS
----------------------------------------------------------------

----------------------------------------------------------------
TEST :                      Fetch: ADDI x13, x0, 99 @ PC=0x0000003C
Inputs:
   addr (byte) = 0000003c
   addr[31:2]  = 0000000f

Expected:
   instr       = 06300693

Got:
   instr       = 06300693
STATUS: PASS
----------------------------------------------------------------

----------------------------------------------------------------
TEST :                           Fetch: JAL x15, +8 @ PC=0x00000040
Inputs:
   addr (byte) = 00000040
   addr[31:2]  = 00000010

Expected:
   instr       = 008007ef

Got:
   instr       = 008007ef
STATUS: PASS
----------------------------------------------------------------

----------------------------------------------------------------
TEST :                      Fetch: LUI x14, 0x12345 @ PC=0x00000044
Inputs:
   addr (byte) = 00000044
   addr[31:2]  = 00000011

Expected:
   instr       = 12345737

Got:
   instr       = 12345737
STATUS: PASS
----------------------------------------------------------------

----------------------------------------------------------------
TEST :                        Fetch: AUIPC x16, 0x0 @ PC=0x00000048
Inputs:
   addr (byte) = 00000048
   addr[31:2]  = 00000012

Expected:
   instr       = 00000817

Got:
   instr       = 00000817
STATUS: PASS
----------------------------------------------------------------

----------------------------------------------------------------
TEST :                       Fetch: ADDI x17, x0, 1 @ PC=0x0000004C
Inputs:
   addr (byte) = 0000004c
   addr[31:2]  = 00000013

Expected:
   instr       = 00100893

Got:
   instr       = 00100893
STATUS: PASS
----------------------------------------------------------------

----------------------------------------------------------------
TEST :                       Fetch: BEQ x0, x0, -20 @ PC=0x00000050
Inputs:
   addr (byte) = 00000050
   addr[31:2]  = 00000014

Expected:
   instr       = fe0006e3

Got:
   instr       = fe0006e3
STATUS: PASS
----------------------------------------------------------------

----------------------------------------------------------------
TEST :                   Unaligned addr -> word 1 (ADDI x1, x0, 10)
Inputs:
   addr (byte) = 00000005
   addr[31:2]  = 00000001

Expected:
   instr       = 00a00093

Got:
   instr       = 00a00093
STATUS: PASS
----------------------------------------------------------------

====================================================
 IMEM VERIFICATION REPORT
====================================================
   Total Tests   : 22
   Passed        : 22
   Failed        : 0
====================================================
STATUS: ALL TESTS PASSED
====================================================

/home/prabhat/Work_Fedora/RV32I_Single-Cycle_32-bit_RISC-V_Processor/RTL_Verification/tb_imem_program_2.v:316: $finish called at 264000 (1ps)
