VCD info: dumpfile Verification_Results/vcd/tb_imm_gen.vcd opened for output.
====================================================
 IMM_GEN VERIFICATION STARTED — Author: Prabhat Pandey
====================================================

----------------------------------------------------------------
TEST :                                           I-type imm = +5 (addi style)
Inputs:
   instr   = 00508113
   opcode  = 0010011

Expected:
   imm_out = 00000005

Got:
   imm_out = 00000005
STATUS: PASS
----------------------------------------------------------------

----------------------------------------------------------------
TEST :                                                        I-type imm = -1
Inputs:
   instr   = fff08113
   opcode  = 0010011

Expected:
   imm_out = ffffffff

Got:
   imm_out = ffffffff
STATUS: PASS
----------------------------------------------------------------

----------------------------------------------------------------
TEST :                                               I-type imm = -2048 (min)
Inputs:
   instr   = 80008113
   opcode  = 0010011

Expected:
   imm_out = fffff800

Got:
   imm_out = fffff800
STATUS: PASS
----------------------------------------------------------------

----------------------------------------------------------------
TEST :                                               I-type imm = +2047 (max)
Inputs:
   instr   = 7ff08113
   opcode  = 0010011

Expected:
   imm_out = 000007ff

Got:
   imm_out = 000007ff
STATUS: PASS
----------------------------------------------------------------

----------------------------------------------------------------
TEST :                                            S-type imm = +16 (sw style)
Inputs:
   instr   = 00312823
   opcode  = 0100011

Expected:
   imm_out = 00000010

Got:
   imm_out = 00000010
STATUS: PASS
----------------------------------------------------------------

----------------------------------------------------------------
TEST :                                                        S-type imm = -1
Inputs:
   instr   = fe312fa3
   opcode  = 0100011

Expected:
   imm_out = ffffffff

Got:
   imm_out = ffffffff
STATUS: PASS
----------------------------------------------------------------

----------------------------------------------------------------
TEST :                                               S-type imm = -2048 (min)
Inputs:
   instr   = 80312023
   opcode  = 0100011

Expected:
   imm_out = fffff800

Got:
   imm_out = fffff800
STATUS: PASS
----------------------------------------------------------------

----------------------------------------------------------------
TEST :                                      B-type imm = +16 (branch forward)
Inputs:
   instr   = 00208863
   opcode  = 1100011

Expected:
   imm_out = 00000010

Got:
   imm_out = 00000010
STATUS: PASS
----------------------------------------------------------------

----------------------------------------------------------------
TEST :                                     B-type imm = -16 (branch backward)
Inputs:
   instr   = fe2088e3
   opcode  = 1100011

Expected:
   imm_out = fffffff0

Got:
   imm_out = fffffff0
STATUS: PASS
----------------------------------------------------------------

----------------------------------------------------------------
TEST :                                       B-type imm = +4 (branch forward)
Inputs:
   instr   = 00208263
   opcode  = 1100011

Expected:
   imm_out = 00000004

Got:
   imm_out = 00000004
STATUS: PASS
----------------------------------------------------------------

----------------------------------------------------------------
TEST :                                          U-type imm (LUI) = 0x12345000
Inputs:
   instr   = 123450b7
   opcode  = 0110111

Expected:
   imm_out = 12345000

Got:
   imm_out = 12345000
STATUS: PASS
----------------------------------------------------------------

----------------------------------------------------------------
TEST :                                        U-type imm (AUIPC) = 0xABCDE000
Inputs:
   instr   = abcde097
   opcode  = 0010111

Expected:
   imm_out = abcde000

Got:
   imm_out = abcde000
STATUS: PASS
----------------------------------------------------------------

----------------------------------------------------------------
TEST :                                         J-type imm = +32 (jal forward)
Inputs:
   instr   = 020000ef
   opcode  = 1101111

Expected:
   imm_out = 00000020

Got:
   imm_out = 00000020
STATUS: PASS
----------------------------------------------------------------

----------------------------------------------------------------
TEST :                                        J-type imm = -32 (jal backward)
Inputs:
   instr   = fe1ff0ef
   opcode  = 1101111

Expected:
   imm_out = ffffffe0

Got:
   imm_out = ffffffe0
STATUS: PASS
----------------------------------------------------------------

----------------------------------------------------------------
TEST :                                 Default case (unknown opcode) -> imm=0
Inputs:
   instr   = ffffffff
   opcode  = 1111111

Expected:
   imm_out = 00000000

Got:
   imm_out = 00000000
STATUS: PASS
----------------------------------------------------------------

====================================================
 IMM_GEN VERIFICATION REPORT
====================================================
   Total Tests   : 15
   Passed        : 15
   Failed        : 0
====================================================
STATUS: ALL TESTS PASSED
====================================================

/home/prabhat/Work_Fedora/RV32I_Single-Cycle_32-bit_RISC-V_Processor/RTL_Verification/tb_imm_gen.v:386: $finish called at 180000 (1ps)
