VCD info: dumpfile Verification_Results/vcd/tb_pc_next_logic.vcd opened for output.
====================================================
 PC_NEXT_LOGIC VERIFICATION STARTED — Author: Prabhat Pandey
====================================================

----------------------------------------------------------------
TEST :                                        Default: no branch/jump -> PC+4
Inputs:
   pc_current   = 00000100
   rs1_val      = 00000000
   imm_i        = 00000000
   imm_b        = 00000010
   imm_j        = 00000020

   branch       = 0
   take_branch  = 0
   jump         = 0
   jalr         = 0

Expected:
   pc_plus4     = 00000104
   pc_next      = 00000104

Got:
   pc_plus4     = 00000104
   pc_next      = 00000104
STATUS: PASS
----------------------------------------------------------------

----------------------------------------------------------------
TEST :                                               Branch not taken -> PC+4
Inputs:
   pc_current   = 00000200
   rs1_val      = 00000000
   imm_i        = 00000000
   imm_b        = 00000010
   imm_j        = 00000000

   branch       = 1
   take_branch  = 0
   jump         = 0
   jalr         = 0

Expected:
   pc_plus4     = 00000204
   pc_next      = 00000204

Got:
   pc_plus4     = 00000204
   pc_next      = 00000204
STATUS: PASS
----------------------------------------------------------------

----------------------------------------------------------------
TEST :                                             Branch taken -> PC + imm_b
Inputs:
   pc_current   = 00000200
   rs1_val      = 00000000
   imm_i        = 00000000
   imm_b        = 00000010
   imm_j        = 00000000

   branch       = 1
   take_branch  = 1
   jump         = 0
   jalr         = 0

Expected:
   pc_plus4     = 00000204
   pc_next      = 00000210

Got:
   pc_plus4     = 00000204
   pc_next      = 00000210
STATUS: PASS
----------------------------------------------------------------

----------------------------------------------------------------
TEST :                                                      JAL -> PC + imm_j
Inputs:
   pc_current   = 00000300
   rs1_val      = 00000000
   imm_i        = 00000000
   imm_b        = 00000040
   imm_j        = 00000020

   branch       = 0
   take_branch  = 0
   jump         = 1
   jalr         = 0

Expected:
   pc_plus4     = 00000304
   pc_next      = 00000320

Got:
   pc_plus4     = 00000304
   pc_next      = 00000320
STATUS: PASS
----------------------------------------------------------------

----------------------------------------------------------------
TEST :                                  JALR -> (rs1+imm_i)&~1 (bit0 cleared)
Inputs:
   pc_current   = 00000000
   rs1_val      = 00001003
   imm_i        = 00000004
   imm_b        = 00000000
   imm_j        = 00000000

   branch       = 0
   take_branch  = 0
   jump         = 0
   jalr         = 1

Expected:
   pc_plus4     = 00000004
   pc_next      = 00001006

Got:
   pc_plus4     = 00000004
   pc_next      = 00001006
STATUS: PASS
----------------------------------------------------------------

----------------------------------------------------------------
TEST :                                           Priority: JALR overrides JAL
Inputs:
   pc_current   = 00000400
   rs1_val      = 00002000
   imm_i        = 00000008
   imm_b        = 00000100
   imm_j        = 00000200

   branch       = 0
   take_branch  = 0
   jump         = 1
   jalr         = 1

Expected:
   pc_plus4     = 00000404
   pc_next      = 00002008

Got:
   pc_plus4     = 00000404
   pc_next      = 00002008
STATUS: PASS
----------------------------------------------------------------

----------------------------------------------------------------
TEST :                                   Priority: JAL overrides taken Branch
Inputs:
   pc_current   = 00000500
   rs1_val      = 00000000
   imm_i        = 00000000
   imm_b        = 00000010
   imm_j        = 00000040

   branch       = 1
   take_branch  = 1
   jump         = 1
   jalr         = 0

Expected:
   pc_plus4     = 00000504
   pc_next      = 00000540

Got:
   pc_plus4     = 00000504
   pc_next      = 00000540
STATUS: PASS
----------------------------------------------------------------

----------------------------------------------------------------
TEST :                                            Branch taken overrides PC+4
Inputs:
   pc_current   = 00000600
   rs1_val      = 00000000
   imm_i        = 00000000
   imm_b        = fffffff0
   imm_j        = 00000000

   branch       = 1
   take_branch  = 1
   jump         = 0
   jalr         = 0

Expected:
   pc_plus4     = 00000604
   pc_next      = 000005f0

Got:
   pc_plus4     = 00000604
   pc_next      = 000005f0
STATUS: PASS
----------------------------------------------------------------

====================================================
 PC_NEXT_LOGIC VERIFICATION REPORT
====================================================
   Total Tests   : 8
   Passed        : 8
   Failed        : 0
====================================================
STATUS: ALL TESTS PASSED
====================================================

/home/prabhat/Work_Fedora/RV32I_Single-Cycle_32-bit_RISC-V_Processor/RTL_Verification/tb_pc_next_logic.v:342: $finish called at 96000 (1ps)
