VCD info: dumpfile Verification_Results/vcd/tb_regfile.vcd opened for output.
====================================================
 REGFILE VERIFICATION STARTED — Author: Prabhat Pandey
====================================================

----------------------------------------------------------------
TEST :                                                After reset: x0=0, x1=0
Inputs:
   rst_n = 1
   we    = 0
   rs1   = x0
   rs2   = x1
   rd    = x0
   wd    = 00000000

Expected:
   rd1   = 00000000
   rd2   = 00000000

Got:
   rd1   = 00000000
   rd2   = 00000000
STATUS: PASS
----------------------------------------------------------------

----------------------------------------------------------------
TEST :                                              After reset: x10=0, x31=0
Inputs:
   rst_n = 1
   we    = 0
   rs1   = x10
   rs2   = x31
   rd    = x0
   wd    = 00000000

Expected:
   rd1   = 00000000
   rd2   = 00000000

Got:
   rd1   = 00000000
   rd2   = 00000000
STATUS: PASS
----------------------------------------------------------------

----------------------------------------------------------------
STEP :                                               Write 0x11111111 into x1
Write Inputs:
   we = 1 | rd = x1 | wd = 11111111
----------------------------------------------------------------

----------------------------------------------------------------
TEST :                                      Read back x1 should be 0x11111111
Inputs:
   rst_n = 1
   we    = 1
   rs1   = x1
   rs2   = x0
   rd    = x1
   wd    = 11111111

Expected:
   rd1   = 11111111
   rd2   = 00000000

Got:
   rd1   = 11111111
   rd2   = 00000000
STATUS: PASS
----------------------------------------------------------------

----------------------------------------------------------------
STEP :                                               Write 0x22222222 into x2
Write Inputs:
   we = 1 | rd = x2 | wd = 22222222
----------------------------------------------------------------

----------------------------------------------------------------
STEP :                                               Write 0x33333333 into x3
Write Inputs:
   we = 1 | rd = x3 | wd = 33333333
----------------------------------------------------------------

----------------------------------------------------------------
TEST :                                            Read x2 and x3 should match
Inputs:
   rst_n = 1
   we    = 1
   rs1   = x2
   rs2   = x3
   rd    = x3
   wd    = 33333333

Expected:
   rd1   = 22222222
   rd2   = 33333333

Got:
   rd1   = 22222222
   rd2   = 33333333
STATUS: PASS
----------------------------------------------------------------

----------------------------------------------------------------
STEP :                    Attempt write into x4 with we=0 (should NOT update)
Write Inputs:
   we = 0 | rd = x4 | wd = 44444444
----------------------------------------------------------------

----------------------------------------------------------------
TEST :                                                   x4 should still be 0
Inputs:
   rst_n = 1
   we    = 0
   rs1   = x4
   rs2   = x0
   rd    = x4
   wd    = 44444444

Expected:
   rd1   = 00000000
   rd2   = 00000000

Got:
   rd1   = 00000000
   rd2   = 00000000
STATUS: PASS
----------------------------------------------------------------

----------------------------------------------------------------
STEP :                                Attempt write into x0 (must be ignored)
Write Inputs:
   we = 1 | rd = x0 | wd = deadbeef
----------------------------------------------------------------

----------------------------------------------------------------
TEST :                                                x0 must remain 0 always
Inputs:
   rst_n = 1
   we    = 1
   rs1   = x0
   rs2   = x1
   rd    = x0
   wd    = deadbeef

Expected:
   rd1   = 00000000
   rd2   = 11111111

Got:
   rd1   = 00000000
   rd2   = 11111111
STATUS: PASS
----------------------------------------------------------------

----------------------------------------------------------------
STEP : Apply reset again (rst_n=0)
----------------------------------------------------------------

----------------------------------------------------------------
TEST :                                            After 2nd reset: x1=0, x2=0
Inputs:
   rst_n = 1
   we    = 1
   rs1   = x1
   rs2   = x2
   rd    = x0
   wd    = deadbeef

Expected:
   rd1   = 00000000
   rd2   = 00000000

Got:
   rd1   = 00000000
   rd2   = 00000000
STATUS: PASS
----------------------------------------------------------------

----------------------------------------------------------------
TEST :                                            After 2nd reset: x3=0, x0=0
Inputs:
   rst_n = 1
   we    = 1
   rs1   = x3
   rs2   = x0
   rd    = x0
   wd    = deadbeef

Expected:
   rd1   = 00000000
   rd2   = 00000000

Got:
   rd1   = 00000000
   rd2   = 00000000
STATUS: PASS
----------------------------------------------------------------

====================================================
 REGFILE VERIFICATION REPORT
====================================================
   Total Tests   : 8
   Passed        : 8
   Failed        : 0
====================================================
STATUS: ALL TESTS PASSED
====================================================

/home/prabhat/Work_Fedora/RV32I_Single-Cycle_32-bit_RISC-V_Processor/RTL_Verification/tb_regfile.v:337: $finish called at 222000 (1ps)
