VCD info: dumpfile Verification_Results/vcd/tb_riscv32_singlecycle_top_program_2.vcd opened for output.
WARNING: /home/prabhat/Work_Fedora/RV32I_Single-Cycle_32-bit_RISC-V_Processor/RTL_Verification/tb_riscv32_singlecycle_top_program_2.v:226: $readmemh(program_2.hex): Not enough words in the file for the requested range [0:4095].
====================================================
 RV32 TOP (PROGRAM 2) VERIFICATION STARTED — Author: Prabhat Pandey
====================================================

----------------------------------------------------------------
TEST :                  Fetch: NOP (ADDI x0, x0, 0) @ PC=0x00000000
Inputs:
   PC          = 00000000

Expected:
   PC          = 00000000
   instr       = 00000013

Got:
   PC          = 00000000
   instr       = 00000013
STATUS: PASS
----------------------------------------------------------------

----------------------------------------------------------------
TEST :                       Fetch: ADDI x1, x0, 10 @ PC=0x00000004
Inputs:
   PC          = 00000004

Expected:
   PC          = 00000004
   instr       = 00a00093

Got:
   PC          = 00000004
   instr       = 00a00093
STATUS: PASS
----------------------------------------------------------------

----------------------------------------------------------------
TEST :                       Fetch: ADDI x2, x0, 20 @ PC=0x00000008
Inputs:
   PC          = 00000008

Expected:
   PC          = 00000008
   instr       = 01400113

Got:
   PC          = 00000008
   instr       = 01400113
STATUS: PASS
----------------------------------------------------------------

----------------------------------------------------------------
TEST :                        Fetch: ADD x3, x1, x2 @ PC=0x0000000C
Inputs:
   PC          = 0000000c

Expected:
   PC          = 0000000c
   instr       = 002081b3

Got:
   PC          = 0000000c
   instr       = 002081b3
STATUS: PASS
----------------------------------------------------------------

----------------------------------------------------------------
TEST :                        Fetch: SUB x4, x1, x2 @ PC=0x00000010
Inputs:
   PC          = 00000010

Expected:
   PC          = 00000010
   instr       = 40208233

Got:
   PC          = 00000010
   instr       = 40208233
STATUS: PASS
----------------------------------------------------------------

----------------------------------------------------------------
TEST :                      Fetch: ANDI x5, x7, 255 @ PC=0x00000014
Inputs:
   PC          = 00000014

Expected:
   PC          = 00000014
   instr       = 0ff3f293

Got:
   PC          = 00000014
   instr       = 0ff3f293
STATUS: PASS
----------------------------------------------------------------

----------------------------------------------------------------
TEST :                       Fetch: ORI x6, x2, 240 @ PC=0x00000018
Inputs:
   PC          = 00000018

Expected:
   PC          = 00000018
   instr       = 0f016313

Got:
   PC          = 00000018
   instr       = 0f016313
STATUS: PASS
----------------------------------------------------------------

----------------------------------------------------------------
TEST :                       Fetch: XORI x7, x5, 85 @ PC=0x0000001C
Inputs:
   PC          = 0000001c

Expected:
   PC          = 0000001c
   instr       = 0552c393

Got:
   PC          = 0000001c
   instr       = 0552c393
STATUS: PASS
----------------------------------------------------------------

----------------------------------------------------------------
TEST :                        Fetch: SLLI x8, x1, 2 @ PC=0x00000020
Inputs:
   PC          = 00000020

Expected:
   PC          = 00000020
   instr       = 00209413

Got:
   PC          = 00000020
   instr       = 00209413
STATUS: PASS
----------------------------------------------------------------

----------------------------------------------------------------
TEST :                        Fetch: SRLI x9, x3, 1 @ PC=0x00000024
Inputs:
   PC          = 00000024

Expected:
   PC          = 00000024
   instr       = 0011d493

Got:
   PC          = 00000024
   instr       = 0011d493
STATUS: PASS
----------------------------------------------------------------

----------------------------------------------------------------
TEST :                      Fetch: SLTI x10, x1, 15 @ PC=0x00000028
Inputs:
   PC          = 00000028

Expected:
   PC          = 00000028
   instr       = 00f0a513

Got:
   PC          = 00000028
   instr       = 00f0a513
STATUS: PASS
----------------------------------------------------------------

----------------------------------------------------------------
TEST :                     Fetch: SLTU x11, x2, x25 @ PC=0x0000002C
Inputs:
   PC          = 0000002c

Expected:
   PC          = 0000002c
   instr       = 019135b3

Got:
   PC          = 0000002c
   instr       = 019135b3
STATUS: PASS
----------------------------------------------------------------

----------------------------------------------------------------
TEST :                          Fetch: SW x3, 0(x0) @ PC=0x00000030
Inputs:
   PC          = 00000030

Expected:
   PC          = 00000030
   instr       = 00302023

Got:
   PC          = 00000030
   instr       = 00302023
STATUS: PASS
----------------------------------------------------------------

----------------------------------------------------------------
TEST :                         Fetch: LW x12, 0(x0) @ PC=0x00000034
Inputs:
   PC          = 00000034

Expected:
   PC          = 00000034
   instr       = 00002603

Got:
   PC          = 00000034
   instr       = 00002603
STATUS: PASS
----------------------------------------------------------------

----------------------------------------------------------------
TEST :                       Fetch: BEQ x3, x12, +8 @ PC=0x00000038
Inputs:
   PC          = 00000038

Expected:
   PC          = 00000038
   instr       = 00c18463

Got:
   PC          = 00000038
   instr       = 00c18463
STATUS: PASS
----------------------------------------------------------------

----------------------------------------------------------------
TEST :               Fetch: JAL x15, +8 (skip 0x44) @ PC=0x00000040
Inputs:
   PC          = 00000040

Expected:
   PC          = 00000040
   instr       = 008007ef

Got:
   PC          = 00000040
   instr       = 008007ef
STATUS: PASS
----------------------------------------------------------------

----------------------------------------------------------------
TEST :                        Fetch: AUIPC x16, 0x0 @ PC=0x00000048
Inputs:
   PC          = 00000048

Expected:
   PC          = 00000048
   instr       = 00000817

Got:
   PC          = 00000048
   instr       = 00000817
STATUS: PASS
----------------------------------------------------------------

----------------------------------------------------------------
TEST :                       Fetch: ADDI x17, x0, 1 @ PC=0x0000004C
Inputs:
   PC          = 0000004c

Expected:
   PC          = 0000004c
   instr       = 00100893

Got:
   PC          = 0000004c
   instr       = 00100893
STATUS: PASS
----------------------------------------------------------------

----------------------------------------------------------------
TEST :                Fetch: BEQ x0, x0, -20 (loop) @ PC=0x00000050
Inputs:
   PC          = 00000050

Expected:
   PC          = 00000050
   instr       = fe0006e3

Got:
   PC          = 00000050
   instr       = fe0006e3
STATUS: PASS
----------------------------------------------------------------

----------------------------------------------------------------
TEST :                                           Post-pass: x1 = 10
Inputs:
   Register = x1

Expected:
   Value    = 0000000a (10)

Got:
   Value    = 0000000a (10)
STATUS: PASS
----------------------------------------------------------------

----------------------------------------------------------------
TEST :                                           Post-pass: x2 = 20
Inputs:
   Register = x2

Expected:
   Value    = 00000014 (20)

Got:
   Value    = 00000014 (20)
STATUS: PASS
----------------------------------------------------------------

----------------------------------------------------------------
TEST :                                           Post-pass: x3 = 30
Inputs:
   Register = x3

Expected:
   Value    = 0000001e (30)

Got:
   Value    = 0000001e (30)
STATUS: PASS
----------------------------------------------------------------

----------------------------------------------------------------
TEST :                                          Post-pass: x4 = -10
Inputs:
   Register = x4

Expected:
   Value    = fffffff6 (4294967286)

Got:
   Value    = fffffff6 (4294967286)
STATUS: PASS
----------------------------------------------------------------

----------------------------------------------------------------
TEST :                                            Post-pass: x5 = 0
Inputs:
   Register = x5

Expected:
   Value    = 00000000 (0)

Got:
   Value    = 00000000 (0)
STATUS: PASS
----------------------------------------------------------------

----------------------------------------------------------------
TEST :                                          Post-pass: x6 = 244
Inputs:
   Register = x6

Expected:
   Value    = 000000f4 (244)

Got:
   Value    = 000000f4 (244)
STATUS: PASS
----------------------------------------------------------------

----------------------------------------------------------------
TEST :                                           Post-pass: x7 = 85
Inputs:
   Register = x7

Expected:
   Value    = 00000055 (85)

Got:
   Value    = 00000055 (85)
STATUS: PASS
----------------------------------------------------------------

----------------------------------------------------------------
TEST :                                           Post-pass: x8 = 40
Inputs:
   Register = x8

Expected:
   Value    = 00000028 (40)

Got:
   Value    = 00000028 (40)
STATUS: PASS
----------------------------------------------------------------

----------------------------------------------------------------
TEST :                                           Post-pass: x9 = 15
Inputs:
   Register = x9

Expected:
   Value    = 0000000f (15)

Got:
   Value    = 0000000f (15)
STATUS: PASS
----------------------------------------------------------------

----------------------------------------------------------------
TEST :                                           Post-pass: x10 = 1
Inputs:
   Register = x10

Expected:
   Value    = 00000001 (1)

Got:
   Value    = 00000001 (1)
STATUS: PASS
----------------------------------------------------------------

----------------------------------------------------------------
TEST :                                           Post-pass: x11 = 0
Inputs:
   Register = x11

Expected:
   Value    = 00000000 (0)

Got:
   Value    = 00000000 (0)
STATUS: PASS
----------------------------------------------------------------

----------------------------------------------------------------
TEST :                                          Post-pass: x12 = 30
Inputs:
   Register = x12

Expected:
   Value    = 0000001e (30)

Got:
   Value    = 0000001e (30)
STATUS: PASS
----------------------------------------------------------------

----------------------------------------------------------------
TEST :                         Post-pass: x13 = 0 (skipped at 0x3C)
Inputs:
   Register = x13

Expected:
   Value    = 00000000 (0)

Got:
   Value    = 00000000 (0)
STATUS: PASS
----------------------------------------------------------------

----------------------------------------------------------------
TEST :                         Post-pass: x14 = 0 (skipped at 0x44)
Inputs:
   Register = x14

Expected:
   Value    = 00000000 (0)

Got:
   Value    = 00000000 (0)
STATUS: PASS
----------------------------------------------------------------

----------------------------------------------------------------
TEST :                             Post-pass: x15 = 0x44 (JAL link)
Inputs:
   Register = x15

Expected:
   Value    = 00000044 (68)

Got:
   Value    = 00000044 (68)
STATUS: PASS
----------------------------------------------------------------

----------------------------------------------------------------
TEST :                                Post-pass: x16 = 0x48 (AUIPC)
Inputs:
   Register = x16

Expected:
   Value    = 00000048 (72)

Got:
   Value    = 00000048 (72)
STATUS: PASS
----------------------------------------------------------------

----------------------------------------------------------------
TEST :                                           Post-pass: x17 = 1
Inputs:
   Register = x17

Expected:
   Value    = 00000001 (1)

Got:
   Value    = 00000001 (1)
STATUS: PASS
----------------------------------------------------------------

----------------------------------------------------------------
TEST :                          Post-pass: mem[0] = 30 (via LW x12)
Inputs:
   Register = x12

Expected:
   Value    = 0000001e (30)

Got:
   Value    = 0000001e (30)
STATUS: PASS
----------------------------------------------------------------

----------------------------------------------------------------
TEST :                 Loop entry: ADDI x13, x0, 99 @ PC=0x0000003C
Inputs:
   PC          = 0000003c

Expected:
   PC          = 0000003c
   instr       = 06300693

Got:
   PC          = 0000003c
   instr       = 06300693
STATUS: PASS
----------------------------------------------------------------

----------------------------------------------------------------
TEST :                            Loop: JAL x15, +8 @ PC=0x00000040
Inputs:
   PC          = 00000040

Expected:
   PC          = 00000040
   instr       = 008007ef

Got:
   PC          = 00000040
   instr       = 008007ef
STATUS: PASS
----------------------------------------------------------------

----------------------------------------------------------------
TEST :                                         Loop state: x13 = 99
Inputs:
   Register = x13

Expected:
   Value    = 00000063 (99)

Got:
   Value    = 00000063 (99)
STATUS: PASS
----------------------------------------------------------------

----------------------------------------------------------------
TEST :                         Loop: AUIPC x16, 0x0 @ PC=0x00000048
Inputs:
   PC          = 00000048

Expected:
   PC          = 00000048
   instr       = 00000817

Got:
   PC          = 00000048
   instr       = 00000817
STATUS: PASS
----------------------------------------------------------------

----------------------------------------------------------------
TEST :                        Loop: ADDI x17, x0, 1 @ PC=0x0000004C
Inputs:
   PC          = 0000004c

Expected:
   PC          = 0000004c
   instr       = 00100893

Got:
   PC          = 0000004c
   instr       = 00100893
STATUS: PASS
----------------------------------------------------------------

----------------------------------------------------------------
TEST :                        Loop: BEQ x0, x0, -20 @ PC=0x00000050
Inputs:
   PC          = 00000050

Expected:
   PC          = 00000050
   instr       = fe0006e3

Got:
   PC          = 00000050
   instr       = fe0006e3
STATUS: PASS
----------------------------------------------------------------

----------------------------------------------------------------
TEST :                        Loop repeat: PC returns to 0x0000003C
Inputs:
   PC          = 0000003c

Expected:
   PC          = 0000003c
   instr       = 06300693

Got:
   PC          = 0000003c
   instr       = 06300693
STATUS: PASS
----------------------------------------------------------------

[Cycle +0] PC = 00000040 | instr = 008007ef
[Cycle +1] PC = 00000048 | instr = 00000817
[Cycle +2] PC = 0000004c | instr = 00100893
[Cycle +3] PC = 00000050 | instr = fe0006e3
[Cycle +4] PC = 0000003c | instr = 06300693

====================================================
 CHECKING PROGRAM 2 STATE (POST-PASS + LOOP)
====================================================

----------------------------------------------------------------
TEST :                                          x0 must always be 0
Inputs:
   Register = x0

Expected:
   Value    = 00000000 (0)

Got:
   Value    = 00000000 (0)
STATUS: PASS
----------------------------------------------------------------

====================================================
 RV32 TOP (PROGRAM 2) VERIFICATION REPORT
====================================================
   Total Tests   : 45
   Passed        : 45
   Failed        : 0
====================================================
STATUS: ALL TESTS PASSED
====================================================

/home/prabhat/Work_Fedora/RV32I_Single-Cycle_32-bit_RISC-V_Processor/RTL_Verification/tb_riscv32_singlecycle_top_program_2.v:430: $finish called at 327000 (1ps)
