
===========================================================================
 report_power
============================================================================
======================= Fastest Corner ===================================

Group                  Internal  Switching    Leakage      Total
                          Power      Power      Power      Power (Watts)
----------------------------------------------------------------
Sequential             8.42e-05   6.81e-05   7.26e-10   1.52e-04   8.0%
Combinational          4.61e-04   1.29e-03   1.05e-07   1.76e-03  92.0%
Macro                  0.00e+00   0.00e+00   0.00e+00   0.00e+00   0.0%
Pad                    0.00e+00   0.00e+00   0.00e+00   0.00e+00   0.0%
----------------------------------------------------------------
Total                  5.45e-04   1.36e-03   1.06e-07   1.91e-03 100.0%
                          28.6%      71.4%       0.0%

======================= Slowest Corner ===================================

Group                  Internal  Switching    Leakage      Total
                          Power      Power      Power      Power (Watts)
----------------------------------------------------------------
Sequential             5.61e-05   4.55e-05   5.28e-07   1.02e-04   7.7%
Combinational          3.38e-04   8.69e-04   1.79e-05   1.22e-03  92.3%
Macro                  0.00e+00   0.00e+00   0.00e+00   0.00e+00   0.0%
Pad                    0.00e+00   0.00e+00   0.00e+00   0.00e+00   0.0%
----------------------------------------------------------------
Total                  3.94e-04   9.15e-04   1.84e-05   1.33e-03 100.0%
                          29.7%      68.9%       1.4%

======================= Typical Corner ===================================

Group                  Internal  Switching    Leakage      Total
                          Power      Power      Power      Power (Watts)
----------------------------------------------------------------
Sequential             7.19e-05   5.78e-05   2.80e-10   1.30e-04   7.9%
Combinational          4.17e-04   1.10e-03   9.02e-08   1.52e-03  92.1%
Macro                  0.00e+00   0.00e+00   0.00e+00   0.00e+00   0.0%
Pad                    0.00e+00   0.00e+00   0.00e+00   0.00e+00   0.0%
----------------------------------------------------------------
Total                  4.89e-04   1.16e-03   9.05e-08   1.65e-03 100.0%
                          29.7%      70.3%       0.0%

