Partial/Required:  5.82, Required:    400.0, Partial:  2327.56, Net: net42, Pin: output42/A, Layer: met1
Partial/Required:  5.81, Required:    400.0, Partial:   2325.7, Net: net47, Pin: output47/A, Layer: met1
Partial/Required:  5.58, Required:    400.0, Partial:  2230.33, Net: net379, Pin: output5/A, Layer: met1
Partial/Required:  5.23, Required:    400.0, Partial:  2092.62, Net: net176, Pin: output30/A, Layer: met2
Partial/Required:  4.68, Required:    400.0, Partial:  1871.42, Net: net57, Pin: output57/A, Layer: met1
Partial/Required:  3.95, Required:    400.0, Partial:  1581.52, Net: net211, Pin: output26/A, Layer: met1
Partial/Required:  3.91, Required:    400.0, Partial:  1564.61, Net: net61, Pin: output61/A, Layer: met1
Partial/Required:  3.85, Required:    400.0, Partial:  1539.89, Net: net60, Pin: output60/A, Layer: met1
Partial/Required:  3.62, Required:    400.0, Partial:  1447.71, Net: net241, Pin: output25/A, Layer: met2
Partial/Required:  3.59, Required:    400.0, Partial:  1437.07, Net: u_regfile.wd\[25\], Pin: _687_/A, Layer: met1
Partial/Required:  3.58, Required:    400.0, Partial:  1433.56, Net: u_branch_unit.rs1_val\[11\], Pin: _395_/A0, Layer: met1
Partial/Required:  3.38, Required:    400.0, Partial:  1351.66, Net: u_regfile.wd\[20\], Pin: _682_/A, Layer: met2
Partial/Required:  3.24, Required:    400.0, Partial:   1294.9, Net: net52, Pin: output52/A, Layer: met1
Partial/Required:  3.17, Required:    400.0, Partial:  1268.82, Net: net307, Pin: wire306/A, Layer: met1
Partial/Required:  2.98, Required:    400.0, Partial:  1192.99, Net: u_regfile.wd\[31\], Pin: _693_/A, Layer: met1
Partial/Required:  2.73, Required:    400.0, Partial:  1093.78, Net: u_regfile.wd\[26\], Pin: _688_/A, Layer: met1
Partial/Required:  2.69, Required:    400.0, Partial:  1074.57, Net: net404, Pin: wire403/A, Layer: met1
Partial/Required:  2.39, Required:    400.0, Partial:   956.35, Net: u_regfile.wd\[20\], Pin: _682_/A, Layer: met1
Partial/Required:  2.16, Required:    400.0, Partial:   863.22, Net: u_branch_unit.rs2_val\[6\], Pin: u_branch_unit._179_/A1_N, Layer: met1
Partial/Required:  2.11, Required:    400.0, Partial:   844.09, Net: net368, Pin: u_imm_gen._142_/A, Layer: met2
Partial/Required:  2.11, Required:    400.0, Partial:   844.09, Net: net368, Pin: output7/A, Layer: met2
Partial/Required:  1.87, Required:    400.0, Partial:   746.01, Net: net247, Pin: wire246/A, Layer: met1
Partial/Required:  1.83, Required:    400.0, Partial:   731.85, Net: u_regfile.wd\[8\], Pin: _670_/A, Layer: met1
Partial/Required:  1.79, Required:    400.0, Partial:   714.33, Net: net248, Pin: wire247/A, Layer: met1
Partial/Required:  1.76, Required:    400.0, Partial:   705.77, Net: u_branch_unit.rs2_val\[19\], Pin: u_branch_unit._140_/B2, Layer: met1
Partial/Required:  1.72, Required:    400.0, Partial:   689.93, Net: net36, Pin: output36/A, Layer: met1
Partial/Required:  1.67, Required:    400.0, Partial:   669.23, Net: net45, Pin: output45/A, Layer: met1
Partial/Required:  1.66, Required:    400.0, Partial:   662.77, Net: net146, Pin: fanout140/A, Layer: met2
Partial/Required:  1.66, Required:    400.0, Partial:   662.77, Net: net146, Pin: wire145/A, Layer: met2
Partial/Required:  1.64, Required:    400.0, Partial:   656.44, Net: u_dmem.read_data\[19\], Pin: u_wb_mux._159_/B2, Layer: met1
Partial/Required:  1.53, Required:    400.0, Partial:   612.27, Net: net245, Pin: output24/A, Layer: met1
Partial/Required:  1.53, Required:    400.0, Partial:   610.72, Net: u_pc_next_logic._0407_, Pin: u_pc_next_logic._1166_/B2, Layer: met2
Partial/Required:  1.52, Required:    400.0, Partial:    607.0, Net: u_imem.addr\[24\], Pin: _422_/A1, Layer: met1
Partial/Required:  1.49, Required:    400.0, Partial:   596.11, Net: u_alu._0402_, Pin: u_alu._1296_/B, Layer: met1
Partial/Required:  1.48, Required:    400.0, Partial:    590.5, Net: net343, Pin: wire341/A, Layer: met1
Partial/Required:  1.42, Required:    400.0, Partial:   569.33, Net: net340, Pin: wire339/A, Layer: met1
Partial/Required:  1.41, Required:    400.0, Partial:   564.58, Net: net337, Pin: output11/A, Layer: met1
Partial/Required:  1.39, Required:    400.0, Partial:   555.22, Net: u_branch_unit.rs2_val\[30\], Pin: _366_/A0, Layer: met1
Partial/Required:  1.39, Required:    400.0, Partial:   554.22, Net: net401, Pin: wire400/A, Layer: met1
Partial/Required:  1.38, Required:    400.0, Partial:   553.27, Net: u_branch_unit.rs2_val\[29\], Pin: u_branch_unit._124_/A2, Layer: met1
Partial/Required:  1.37, Required:    400.0, Partial:   549.68, Net: net149, Pin: wire148/A, Layer: met1
Partial/Required:  1.31, Required:    400.0, Partial:   525.04, Net: net56, Pin: output56/A, Layer: met1
Partial/Required:  1.31, Required:    400.0, Partial:   522.23, Net: net365, Pin: fanout363/A, Layer: met1
Partial/Required:  1.28, Required:    400.0, Partial:   513.56, Net: u_imem.addr\[28\], Pin: _430_/A1, Layer: met1
Partial/Required:  1.26, Required:    400.0, Partial:   503.15, Net: net344, Pin: u_regfile._042_/B, Layer: met1
Partial/Required:  1.13, Required:    400.0, Partial:   453.54, Net: net322, Pin: output12/A, Layer: met1
Partial/Required:  1.13, Required:    400.0, Partial:   452.22, Net: u_dmem.dout0_sram\[3\], Pin: u_dmem._055_/B, Layer: met1
Partial/Required:  1.10, Required:    400.0, Partial:    439.9, Net: u_regfile.wd\[29\], Pin: _691_/A, Layer: met1
Partial/Required:  1.09, Required:    400.0, Partial:   436.89, Net: net122, Pin: u_pc_next_logic._1026_/A, Layer: met1
Partial/Required:  1.09, Required:    400.0, Partial:   436.38, Net: u_regfile.wd\[30\], Pin: _692_/A, Layer: met1
Partial/Required:  1.06, Required:    400.0, Partial:   425.72, Net: net33, Pin: wire149/A, Layer: met1
Partial/Required:  1.06, Required:    400.0, Partial:   424.69, Net: u_branch_unit.rs2_val\[15\], Pin: u_branch_unit._173_/A, Layer: met1
Partial/Required:  1.06, Required:    400.0, Partial:    423.0, Net: u_dmem.read_data\[25\], Pin: u_wb_mux._182_/B2, Layer: met1
Partial/Required:  1.04, Required:    400.0, Partial:   416.45, Net: net278, Pin: u_imm_gen._151_/A, Layer: met1
Partial/Required:  1.02, Required:    400.0, Partial:   406.89, Net: u_imem.addr\[25\], Pin: u_pc_next_logic._0838_/B, Layer: met1
Partial/Required:  1.01, Required:    400.0, Partial:    402.8, Net: net323, Pin: wire322/A, Layer: met1
Partial/Required:  1.01, Required:    400.0, Partial:   402.75, Net: u_branch_unit.rs1_val\[8\], Pin: u_pc_next_logic._1072_/A1, Layer: met1
