
===========================================================================
 report_power
============================================================================
======================= Fastest Corner ===================================

Group                  Internal  Switching    Leakage      Total
                          Power      Power      Power      Power (Watts)
----------------------------------------------------------------
Sequential             8.44e-05   7.35e-05   7.26e-10   1.58e-04   7.9%
Combinational          4.62e-04   1.39e-03   1.05e-07   1.85e-03  92.1%
Macro                  0.00e+00   0.00e+00   0.00e+00   0.00e+00   0.0%
Pad                    0.00e+00   0.00e+00   0.00e+00   0.00e+00   0.0%
----------------------------------------------------------------
Total                  5.46e-04   1.46e-03   1.06e-07   2.01e-03 100.0%
                          27.2%      72.8%       0.0%

======================= Slowest Corner ===================================

Group                  Internal  Switching    Leakage      Total
                          Power      Power      Power      Power (Watts)
----------------------------------------------------------------
Sequential             5.61e-05   4.91e-05   5.28e-07   1.06e-04   7.6%
Combinational          3.38e-04   9.33e-04   1.79e-05   1.29e-03  92.4%
Macro                  0.00e+00   0.00e+00   0.00e+00   0.00e+00   0.0%
Pad                    0.00e+00   0.00e+00   0.00e+00   0.00e+00   0.0%
----------------------------------------------------------------
Total                  3.94e-04   9.82e-04   1.84e-05   1.39e-03 100.0%
                          28.2%      70.4%       1.3%

======================= Typical Corner ===================================

Group                  Internal  Switching    Leakage      Total
                          Power      Power      Power      Power (Watts)
----------------------------------------------------------------
Sequential             7.19e-05   6.24e-05   2.80e-10   1.34e-04   7.7%
Combinational          4.17e-04   1.18e-03   9.02e-08   1.60e-03  92.3%
Macro                  0.00e+00   0.00e+00   0.00e+00   0.00e+00   0.0%
Pad                    0.00e+00   0.00e+00   0.00e+00   0.00e+00   0.0%
----------------------------------------------------------------
Total                  4.89e-04   1.24e-03   9.05e-08   1.73e-03 100.0%
                          28.2%      71.8%       0.0%

