OpenROAD 41a51eaf4ca2171c92ff38afb91eb37bbd3f36da 
This program is licensed under the BSD-3 license. See the LICENSE file for details.
Components of this program may be licensed under more restrictive licenses which must be honored.
[INFO ODB-0222] Reading LEF file: /home/prabhat/Work_Ubuntu/RV32I_Single-Cycle_32-bit_RISC-V_Processor/openlane/riscv32_singlecycle_top/runs/rv32i_macro_GDS_flow/tmp/merged.nom.lef
[INFO ODB-0223]     Created 14 technology layers
[INFO ODB-0224]     Created 25 technology vias
[INFO ODB-0225]     Created 442 library cells
[INFO ODB-0226] Finished LEF file:  /home/prabhat/Work_Ubuntu/RV32I_Single-Cycle_32-bit_RISC-V_Processor/openlane/riscv32_singlecycle_top/runs/rv32i_macro_GDS_flow/tmp/merged.nom.lef
[INFO ODB-0127] Reading DEF file: /home/prabhat/Work_Ubuntu/RV32I_Single-Cycle_32-bit_RISC-V_Processor/openlane/riscv32_singlecycle_top/runs/rv32i_macro_GDS_flow/results/routing/riscv32_singlecycle_top.def
[INFO ODB-0128] Design: riscv32_singlecycle_top
[INFO ODB-0094] 		Created 100000 Insts
[INFO ODB-0130]     Created 100 pins.
[INFO ODB-0131]     Created 145495 components and 555042 component-terminals.
[INFO ODB-0132]     Created 2 special nets and 542072 connections.
[INFO ODB-0133]     Created 3741 nets and 12702 connections.
[INFO ODB-0134] Finished DEF file: /home/prabhat/Work_Ubuntu/RV32I_Single-Cycle_32-bit_RISC-V_Processor/openlane/riscv32_singlecycle_top/runs/rv32i_macro_GDS_flow/results/routing/riscv32_singlecycle_top.def
define_corners Typical
read_liberty -corner Typical /home/prabhat/.ciel/sky130A/libs.ref/sky130_fd_sc_hd/lib/sky130_fd_sc_hd__tt_025C_1v80.lib
read_liberty -corner Typical /home/prabhat/.ciel/sky130A/libs.ref/sky130_sram_macros/lib/sky130_sram_1kbyte_1rw1r_32x256_8_TT_1p8V_25C.lib
Using 1e-12 for capacitance...
Using 1e+03 for resistance...
Using 1e-09 for time...
Using 1e+00 for voltage...
Using 1e-03 for current...
Using 1e-09 for power...
Using 1e-06 for distance...
Using RCX ruleset '/home/prabhat/.ciel/sky130A/libs.tech/openlane/rules.openrcx.sky130A.nom.calibre'...
[INFO RCX-0431] Defined process_corner X with ext_model_index 0
[INFO RCX-0029] Defined extraction corner X
[INFO RCX-0008] extracting parasitics of riscv32_singlecycle_top ...
[INFO RCX-0435] Reading extraction model file /home/prabhat/.ciel/sky130A/libs.tech/openlane/rules.openrcx.sky130A.nom.calibre ...
[INFO RCX-0436] RC segment generation riscv32_singlecycle_top (max_merge_res 50.0) ...
[INFO RCX-0040] Final 18530 rc segments
[INFO RCX-0439] Coupling Cap extraction riscv32_singlecycle_top ...
[INFO RCX-0440] Coupling threshhold is 0.1000 fF, coupling capacitance less than 0.1000 fF will be grounded.
[INFO RCX-0043] 41308 wires to be extracted
[INFO RCX-0442] 7% completion -- 3282 wires have been extracted
[INFO RCX-0442] 26% completion -- 10903 wires have been extracted
[INFO RCX-0442] 59% completion -- 24526 wires have been extracted
[INFO RCX-0442] 97% completion -- 40263 wires have been extracted
[INFO RCX-0045] Extract 3741 nets, 22259 rsegs, 22259 caps, 35751 ccs
[INFO RCX-0015] Finished extracting riscv32_singlecycle_top.
Writing result to /home/prabhat/Work_Ubuntu/RV32I_Single-Cycle_32-bit_RISC-V_Processor/openlane/riscv32_singlecycle_top/runs/rv32i_macro_GDS_flow/results/routing/mca/process_corner_nom/riscv32_singlecycle_top.spef...
Setting global connections for newly added cells…
[WARNING] Did not save OpenROAD database!
Writing extracted parasitics to '/home/prabhat/Work_Ubuntu/RV32I_Single-Cycle_32-bit_RISC-V_Processor/openlane/riscv32_singlecycle_top/runs/rv32i_macro_GDS_flow/results/routing/mca/process_corner_nom/riscv32_singlecycle_top.spef'…
[INFO RCX-0016] Writing SPEF ...
[INFO RCX-0443] 3741 nets finished
[INFO RCX-0017] Finished writing SPEF ...
