OpenROAD 41a51eaf4ca2171c92ff38afb91eb37bbd3f36da 
This program is licensed under the BSD-3 license. See the LICENSE file for details.
Components of this program may be licensed under more restrictive licenses which must be honored.
[INFO]: Reading ODB at '/home/prabhat/Work_Ubuntu/RV32I_Single-Cycle_32-bit_RISC-V_Processor/openlane/riscv32_singlecycle_top/runs/rv32i_macro_GDS_flow/results/routing/riscv32_singlecycle_top.odb'…
define_corners Typical
read_liberty -corner Typical /home/prabhat/.ciel/sky130A/libs.ref/sky130_fd_sc_hd/lib/sky130_fd_sc_hd__tt_025C_1v80.lib
read_liberty -corner Typical /home/prabhat/.ciel/sky130A/libs.ref/sky130_sram_macros/lib/sky130_sram_1kbyte_1rw1r_32x256_8_TT_1p8V_25C.lib
Using 1e-12 for capacitance...
Using 1e+03 for resistance...
Using 1e-09 for time...
Using 1e+00 for voltage...
Using 1e-03 for current...
Using 1e-09 for power...
Using 1e-06 for distance...
Reading design constraints file at '/home/prabhat/Work_Ubuntu/RV32I_Single-Cycle_32-bit_RISC-V_Processor/openlane/riscv32_singlecycle_top/runs/rv32i_macro_GDS_flow/tmp/cts/15-riscv32_singlecycle_top.resized.sdc'…
[INFO]: Setting RC values...
[INFO PSM-0002] Output voltage file is specified as: /home/prabhat/Work_Ubuntu/RV32I_Single-Cycle_32-bit_RISC-V_Processor/openlane/riscv32_singlecycle_top/runs/rv32i_macro_GDS_flow/reports/signoff/29-irdrop-VPWR.rpt.
[WARNING PSM-0016] Voltage pad location (VSRC) file not specified, defaulting pad location to checkerboard pattern on core area.
[WARNING PSM-0017] X direction bump pitch is not specified, defaulting to 140um.
[WARNING PSM-0018] Y direction bump pitch is not specified, defaulting to 140um.
[WARNING PSM-0019] Voltage on net VPWR is not explicitly set.
[WARNING PSM-0022] Using voltage 1.800V for VDD network.
[WARNING PSM-0065] VSRC location not specified, using default checkerboard pattern with one VDD every size bumps in x-direction and one in two bumps in the y-direction
[INFO PSM-0076] Setting metal node density to be standard cell height times 5.
[WARNING PSM-0030] VSRC location at (220.080um, 220.000um) and size 10.000um, is not located on an existing power stripe node. Moving to closest node at (270.200um, 270.470um).
[WARNING PSM-0030] VSRC location at (1060.080um, 220.000um) and size 10.000um, is not located on an existing power stripe node. Moving to closest node at (1038.200um, 270.470um).
[WARNING PSM-0030] VSRC location at (500.080um, 360.000um) and size 10.000um, is not located on an existing power stripe node. Moving to closest node at (423.800um, 423.650um).
[WARNING PSM-0030] VSRC location at (1340.080um, 360.000um) and size 10.000um, is not located on an existing power stripe node. Moving to closest node at (1345.400um, 423.650um).
[WARNING PSM-0030] VSRC location at (780.080um, 500.000um) and size 10.000um, is not located on an existing power stripe node. Moving to closest node at (731.000um, 423.650um).
[WARNING PSM-0030] VSRC location at (220.080um, 640.000um) and size 10.000um, is not located on an existing power stripe node. Moving to closest node at (116.600um, 576.830um).
[WARNING PSM-0030] VSRC location at (1060.080um, 640.000um) and size 10.000um, is not located on an existing power stripe node. Moving to closest node at (1039.890um, 576.830um).
[WARNING PSM-0030] VSRC location at (500.080um, 780.000um) and size 10.000um, is not located on an existing power stripe node. Moving to closest node at (399.890um, 730.010um).
[WARNING PSM-0030] VSRC location at (1340.080um, 780.000um) and size 10.000um, is not located on an existing power stripe node. Moving to closest node at (1345.400um, 730.010um).
[WARNING PSM-0030] VSRC location at (780.080um, 920.000um) and size 10.000um, is not located on an existing power stripe node. Moving to closest node at (731.000um, 946.900um).
[WARNING PSM-0030] VSRC location at (220.080um, 1060.000um) and size 10.000um, is not located on an existing power stripe node. Moving to closest node at (165.630um, 1036.370um).
[WARNING PSM-0030] VSRC location at (1060.080um, 1060.000um) and size 10.000um, is not located on an existing power stripe node. Moving to closest node at (1039.890um, 1036.370um).
[WARNING PSM-0030] VSRC location at (500.080um, 1200.000um) and size 10.000um, is not located on an existing power stripe node. Moving to closest node at (399.890um, 1189.550um).
[WARNING PSM-0030] VSRC location at (1340.080um, 1200.000um) and size 10.000um, is not located on an existing power stripe node. Moving to closest node at (1345.400um, 1189.550um).
[WARNING PSM-0030] VSRC location at (780.080um, 1340.000um) and size 10.000um, is not located on an existing power stripe node. Moving to closest node at (731.000um, 1342.730um).
[WARNING PSM-0030] VSRC location at (220.080um, 1480.000um) and size 10.000um, is not located on an existing power stripe node. Moving to closest node at (270.200um, 1495.910um).
[WARNING PSM-0030] VSRC location at (1060.080um, 1480.000um) and size 10.000um, is not located on an existing power stripe node. Moving to closest node at (1038.200um, 1495.910um).
[INFO PSM-0031] Number of PDN nodes on net VPWR = 34483.
[WARNING PSM-0074] No nodes found in macro or pad bounding box for Instance u_dmem.u_sram for the pin layer at routing level 5. Using layer 6.
[WARNING PSM-0074] No nodes found in macro or pad bounding box for Instance u_regfile.u_sram_rs1 for the pin layer at routing level 5. Using layer 6.
[WARNING PSM-0074] No nodes found in macro or pad bounding box for Instance u_regfile.u_sram_rs2 for the pin layer at routing level 5. Using layer 6.
[INFO PSM-0064] Number of voltage sources = 17.
[INFO PSM-0040] All PDN stripes on net VPWR are connected.
########## IR report #################
Worstcase voltage: 1.80e+00 V
Average IR drop  : 2.97e-04 V
Worstcase IR drop: 3.31e-03 V
######################################
[INFO PSM-0002] Output voltage file is specified as: /home/prabhat/Work_Ubuntu/RV32I_Single-Cycle_32-bit_RISC-V_Processor/openlane/riscv32_singlecycle_top/runs/rv32i_macro_GDS_flow/reports/signoff/29-irdrop-VGND.rpt.
[WARNING PSM-0016] Voltage pad location (VSRC) file not specified, defaulting pad location to checkerboard pattern on core area.
[WARNING PSM-0017] X direction bump pitch is not specified, defaulting to 140um.
[WARNING PSM-0018] Y direction bump pitch is not specified, defaulting to 140um.
[WARNING PSM-0019] Voltage on net VGND is not explicitly set.
[WARNING PSM-0021] Using voltage 0.000V for ground network.
[WARNING PSM-0065] VSRC location not specified, using default checkerboard pattern with one VDD every size bumps in x-direction and one in two bumps in the y-direction
[INFO PSM-0076] Setting metal node density to be standard cell height times 5.
[WARNING PSM-0030] VSRC location at (220.080um, 220.000um) and size 10.000um, is not located on an existing power stripe node. Moving to closest node at (273.500um, 273.770um).
[WARNING PSM-0030] VSRC location at (1060.080um, 220.000um) and size 10.000um, is not located on an existing power stripe node. Moving to closest node at (1041.500um, 273.770um).
[WARNING PSM-0030] VSRC location at (500.080um, 360.000um) and size 10.000um, is not located on an existing power stripe node. Moving to closest node at (427.100um, 426.950um).
[WARNING PSM-0030] VSRC location at (1340.080um, 360.000um) and size 10.000um, is not located on an existing power stripe node. Moving to closest node at (1348.700um, 426.950um).
[WARNING PSM-0030] VSRC location at (780.080um, 500.000um) and size 10.000um, is not located on an existing power stripe node. Moving to closest node at (734.300um, 426.950um).
[WARNING PSM-0030] VSRC location at (220.080um, 640.000um) and size 10.000um, is not located on an existing power stripe node. Moving to closest node at (119.900um, 580.130um).
[WARNING PSM-0030] VSRC location at (1060.080um, 640.000um) and size 10.000um, is not located on an existing power stripe node. Moving to closest node at (1039.890um, 580.130um).
[WARNING PSM-0030] VSRC location at (500.080um, 780.000um) and size 10.000um, is not located on an existing power stripe node. Moving to closest node at (399.890um, 733.310um).
[WARNING PSM-0030] VSRC location at (1340.080um, 780.000um) and size 10.000um, is not located on an existing power stripe node. Moving to closest node at (1348.700um, 733.310um).
[WARNING PSM-0030] VSRC location at (780.080um, 920.000um) and size 10.000um, is not located on an existing power stripe node. Moving to closest node at (734.300um, 950.300um).
[WARNING PSM-0030] VSRC location at (220.080um, 1060.000um) and size 10.000um, is not located on an existing power stripe node. Moving to closest node at (162.230um, 1039.670um).
[WARNING PSM-0030] VSRC location at (1060.080um, 1060.000um) and size 10.000um, is not located on an existing power stripe node. Moving to closest node at (1039.890um, 1039.670um).
[WARNING PSM-0030] VSRC location at (500.080um, 1200.000um) and size 10.000um, is not located on an existing power stripe node. Moving to closest node at (399.890um, 1192.850um).
[WARNING PSM-0030] VSRC location at (1340.080um, 1200.000um) and size 10.000um, is not located on an existing power stripe node. Moving to closest node at (1348.700um, 1192.850um).
[WARNING PSM-0030] VSRC location at (780.080um, 1340.000um) and size 10.000um, is not located on an existing power stripe node. Moving to closest node at (734.300um, 1346.030um).
[WARNING PSM-0030] VSRC location at (220.080um, 1480.000um) and size 10.000um, is not located on an existing power stripe node. Moving to closest node at (273.500um, 1499.210um).
[WARNING PSM-0030] VSRC location at (1060.080um, 1480.000um) and size 10.000um, is not located on an existing power stripe node. Moving to closest node at (1041.500um, 1499.210um).
[INFO PSM-0031] Number of PDN nodes on net VGND = 34536.
[WARNING PSM-0074] No nodes found in macro or pad bounding box for Instance u_dmem.u_sram for the pin layer at routing level 5. Using layer 6.
[WARNING PSM-0074] No nodes found in macro or pad bounding box for Instance u_regfile.u_sram_rs1 for the pin layer at routing level 5. Using layer 6.
[WARNING PSM-0074] No nodes found in macro or pad bounding box for Instance u_regfile.u_sram_rs2 for the pin layer at routing level 5. Using layer 6.
[INFO PSM-0064] Number of voltage sources = 17.
[INFO PSM-0040] All PDN stripes on net VGND are connected.
########## IR report #################
Worstcase voltage: 3.31e-03 V
Average IR drop  : 3.00e-04 V
Worstcase IR drop: 3.31e-03 V
######################################
