Netgen 1.5.255 compiled on Wed Jul 12 10:06:14 UTC 2023
Warning: netgen command 'format' use fully-qualified name '::netgen::format'
Warning: netgen command 'global' use fully-qualified name '::netgen::global'
Reading spice netlist file /home/prabhat/.ciel/sky130A/libs.ref/sky130_sram_macros/spice/sky130_sram_1kbyte_1rw1r_32x256_8.spice
Call to undefined subcircuit sky130_fd_pr__special_nfet_latch
Creating placeholder cell definition.
Call to undefined subcircuit sky130_fd_pr__special_pfet_latch
Creating placeholder cell definition.
Call to undefined subcircuit sky130_fd_pr__pfet_01v8
Creating placeholder cell definition.
Call to undefined subcircuit sky130_fd_pr__nfet_01v8
Creating placeholder cell definition.
Call to undefined subcircuit sky130_fd_pr__special_nfet_01v8
Creating placeholder cell definition.
Generating JSON file result
Reading netlist file /home/prabhat/Work_Ubuntu/RV32I_Single-Cycle_32-bit_RISC-V_Processor/openlane/riscv32_singlecycle_top/runs/rv32i_macro_GDS_flow/results/signoff/riscv32_singlecycle_top.gds.spice
Call to undefined subcircuit sky130_fd_pr__pfet_01v8_hvt
Creating placeholder cell definition.
Call to undefined subcircuit sky130_fd_pr__nfet_01v8
Creating placeholder cell definition.
Call to undefined subcircuit sky130_fd_pr__res_generic_po
Creating placeholder cell definition.
Call to undefined subcircuit sky130_fd_pr__diode_pw2nd_05v5
Creating placeholder cell definition.
Call to undefined subcircuit sky130_fd_pr__special_nfet_01v8
Creating placeholder cell definition.
Call to undefined subcircuit sky130_fd_pr__pfet_01v8
Creating placeholder cell definition.
Call to undefined subcircuit sky130_fd_pr__special_nfet_latch
Creating placeholder cell definition.
Call to undefined subcircuit sky130_fd_pr__special_pfet_latch
Creating placeholder cell definition.
Reading netlist file /home/prabhat/Work_Ubuntu/RV32I_Single-Cycle_32-bit_RISC-V_Processor/openlane/riscv32_singlecycle_top/runs/rv32i_macro_GDS_flow/tmp/signoff/33-riscv32_singlecycle_top.pnl.v
Warning:  A case-insensitive file has been read and so the	verilog file must be treated case-insensitive to match.
Creating placeholder cell definition for module sky130_fd_sc_hd__diode_2.
Creating placeholder cell definition for module sky130_fd_sc_hd__decap_3.
Creating placeholder cell definition for module sky130_ef_sc_hd__decap_12.
Creating placeholder cell definition for module sky130_fd_sc_hd__decap_6.
Creating placeholder cell definition for module sky130_fd_sc_hd__fill_1.
Creating placeholder cell definition for module sky130_fd_sc_hd__decap_8.
Creating placeholder cell definition for module sky130_fd_sc_hd__decap_4.
Creating placeholder cell definition for module sky130_fd_sc_hd__fill_2.
Creating placeholder cell definition for module sky130_fd_sc_hd__tapvpwrvgnd_1.
Creating placeholder cell definition for module sky130_fd_sc_hd__and4bb_1.
Creating placeholder cell definition for module sky130_fd_sc_hd__and4bb_2.
Creating placeholder cell definition for module sky130_fd_sc_hd__buf_6.
Creating placeholder cell definition for module sky130_fd_sc_hd__mux2_1.
Creating placeholder cell definition for module sky130_fd_sc_hd__buf_8.
Creating placeholder cell definition for module sky130_fd_sc_hd__mux2_4.
Creating placeholder cell definition for module sky130_fd_sc_hd__mux2_2.
Creating placeholder cell definition for module sky130_fd_sc_hd__buf_4.
Creating placeholder cell definition for module sky130_fd_sc_hd__buf_2.
Creating placeholder cell definition for module sky130_fd_sc_hd__clkbuf_2.
Creating placeholder cell definition for module sky130_fd_sc_hd__clkbuf_4.
Creating placeholder cell definition for module sky130_fd_sc_hd__dlymetal6s2s_1.
Creating placeholder cell definition for module sky130_fd_sc_hd__clkbuf_8.
Creating placeholder cell definition for module sky130_fd_sc_hd__and2_2.
Creating placeholder cell definition for module sky130_fd_sc_hd__conb_1.
Creating placeholder cell definition for module sky130_fd_sc_hd__xor2_1.
Creating placeholder cell definition for module sky130_fd_sc_hd__a21o_2.
Creating placeholder cell definition for module sky130_fd_sc_hd__nor2_1.
Creating placeholder cell definition for module sky130_fd_sc_hd__or2_1.
Creating placeholder cell definition for module sky130_fd_sc_hd__and2b_1.
Creating placeholder cell definition for module sky130_fd_sc_hd__a21oi_2.
Creating placeholder cell definition for module sky130_fd_sc_hd__xnor2_1.
Creating placeholder cell definition for module sky130_fd_sc_hd__nand2_2.
Creating placeholder cell definition for module sky130_fd_sc_hd__nand2_1.
Creating placeholder cell definition for module sky130_fd_sc_hd__a31o_2.
Creating placeholder cell definition for module sky130_fd_sc_hd__a31oi_2.
Creating placeholder cell definition for module sky130_fd_sc_hd__o21a_2.
Creating placeholder cell definition for module sky130_fd_sc_hd__xor2_2.
Creating placeholder cell definition for module sky130_fd_sc_hd__nand4b_1.
Creating placeholder cell definition for module sky130_fd_sc_hd__a22o_2.
Creating placeholder cell definition for module sky130_fd_sc_hd__and4b_2.
Creating placeholder cell definition for module sky130_fd_sc_hd__a211o_2.
Creating placeholder cell definition for module sky130_fd_sc_hd__o21ba_2.
Creating placeholder cell definition for module sky130_fd_sc_hd__xnor2_2.
Creating placeholder cell definition for module sky130_fd_sc_hd__and2b_2.
Creating placeholder cell definition for module sky130_fd_sc_hd__o211a_2.
Creating placeholder cell definition for module sky130_fd_sc_hd__a211oi_2.
Creating placeholder cell definition for module sky130_fd_sc_hd__nand3_1.
Creating placeholder cell definition for module sky130_fd_sc_hd__or2_2.
Creating placeholder cell definition for module sky130_fd_sc_hd__and3_1.
Creating placeholder cell definition for module sky130_fd_sc_hd__and2_1.
Creating placeholder cell definition for module sky130_fd_sc_hd__a211o_1.
Creating placeholder cell definition for module sky130_fd_sc_hd__a21o_1.
Creating placeholder cell definition for module sky130_fd_sc_hd__clkbuf_1.
Creating placeholder cell definition for module sky130_fd_sc_hd__a21bo_1.
Creating placeholder cell definition for module sky130_fd_sc_hd__or4_1.
Creating placeholder cell definition for module sky130_fd_sc_hd__o211a_1.
Creating placeholder cell definition for module sky130_fd_sc_hd__a21oi_1.
Creating placeholder cell definition for module sky130_fd_sc_hd__o31a_2.
Creating placeholder cell definition for module sky130_fd_sc_hd__o21a_1.
Creating placeholder cell definition for module sky130_fd_sc_hd__or4_2.
Creating placeholder cell definition for module sky130_fd_sc_hd__a22oi_1.
Creating placeholder cell definition for module sky130_fd_sc_hd__o41a_1.
Creating placeholder cell definition for module sky130_fd_sc_hd__o211ai_2.
Creating placeholder cell definition for module sky130_fd_sc_hd__or2b_1.
Creating placeholder cell definition for module sky130_fd_sc_hd__or3b_1.
Creating placeholder cell definition for module sky130_fd_sc_hd__or3_1.
Creating placeholder cell definition for module sky130_fd_sc_hd__a31o_1.
Creating placeholder cell definition for module sky130_fd_sc_hd__o31ai_4.
Creating placeholder cell definition for module sky130_fd_sc_hd__a311o_1.
Creating placeholder cell definition for module sky130_fd_sc_hd__a211oi_1.
Creating placeholder cell definition for module sky130_fd_sc_hd__o31a_1.
Creating placeholder cell definition for module sky130_fd_sc_hd__clkbuf_16.
Creating placeholder cell definition for module sky130_fd_sc_hd__buf_1.
Creating placeholder cell definition for module sky130_fd_sc_hd__buf_12.
Creating placeholder cell definition for module sky130_fd_sc_hd__dlygate4sd1_1.
Creating placeholder cell definition for module sky130_fd_sc_hd__or4_4.
Creating placeholder cell definition for module sky130_fd_sc_hd__nor4_2.
Creating placeholder cell definition for module sky130_fd_sc_hd__o31ai_2.
Creating placeholder cell definition for module sky130_fd_sc_hd__nand3_2.
Creating placeholder cell definition for module sky130_fd_sc_hd__inv_2.
Creating placeholder cell definition for module sky130_fd_sc_hd__nor3_1.
Creating placeholder cell definition for module sky130_fd_sc_hd__o21ai_1.
Creating placeholder cell definition for module sky130_fd_sc_hd__nor3_2.
Creating placeholder cell definition for module sky130_fd_sc_hd__o21ba_1.
Creating placeholder cell definition for module sky130_fd_sc_hd__or3_2.
Creating placeholder cell definition for module sky130_fd_sc_hd__o2bb2a_1.
Creating placeholder cell definition for module sky130_fd_sc_hd__o2111ai_1.
Creating placeholder cell definition for module sky130_fd_sc_hd__and3b_1.
Creating placeholder cell definition for module sky130_fd_sc_hd__a22oi_4.
Creating placeholder cell definition for module sky130_fd_sc_hd__a221oi_4.
Creating placeholder cell definition for module sky130_fd_sc_hd__or4b_1.
Creating placeholder cell definition for module sky130_fd_sc_hd__or3b_2.
Creating placeholder cell definition for module sky130_fd_sc_hd__o311a_1.
Creating placeholder cell definition for module sky130_fd_sc_hd__nor4b_1.
Creating placeholder cell definition for module sky130_fd_sc_hd__mux4_1.
Creating placeholder cell definition for module sky130_fd_sc_hd__mux4_2.
Creating placeholder cell definition for module sky130_fd_sc_hd__and4b_1.
Creating placeholder cell definition for module sky130_fd_sc_hd__a22o_1.
Creating placeholder cell definition for module sky130_fd_sc_hd__nor2_4.
Creating placeholder cell definition for module sky130_fd_sc_hd__a32o_2.
Creating placeholder cell definition for module sky130_fd_sc_hd__or4bb_4.
Creating placeholder cell definition for module sky130_fd_sc_hd__or4b_2.
Creating placeholder cell definition for module sky130_fd_sc_hd__or3_4.
Creating placeholder cell definition for module sky130_fd_sc_hd__nor2_2.
Creating placeholder cell definition for module sky130_fd_sc_hd__nand2b_2.
Creating placeholder cell definition for module sky130_fd_sc_hd__o21ai_2.
Creating placeholder cell definition for module sky130_fd_sc_hd__o211ai_1.
Creating placeholder cell definition for module sky130_fd_sc_hd__and4_1.
Creating placeholder cell definition for module sky130_fd_sc_hd__and3_2.
Creating placeholder cell definition for module sky130_fd_sc_hd__a2bb2o_1.
Creating placeholder cell definition for module sky130_fd_sc_hd__o221a_1.
Creating placeholder cell definition for module sky130_fd_sc_hd__a221o_1.
Creating placeholder cell definition for module sky130_fd_sc_hd__or4bb_2.
Creating placeholder cell definition for module sky130_fd_sc_hd__nand2_4.
Creating placeholder cell definition for module sky130_fd_sc_hd__o21ai_4.
Creating placeholder cell definition for module sky130_fd_sc_hd__a221o_2.
Creating placeholder cell definition for module sky130_fd_sc_hd__o21bai_1.
Creating placeholder cell definition for module sky130_fd_sc_hd__a31oi_1.
Creating placeholder cell definition for module sky130_fd_sc_hd__o31ai_1.
Creating placeholder cell definition for module sky130_fd_sc_hd__a31o_4.
Creating placeholder cell definition for module sky130_fd_sc_hd__a21boi_1.
Creating placeholder cell definition for module sky130_fd_sc_hd__a311o_2.
Creating placeholder cell definition for module sky130_fd_sc_hd__o32a_1.
Creating placeholder cell definition for module sky130_fd_sc_hd__o211ai_4.
Creating placeholder cell definition for module sky130_fd_sc_hd__nor2b_1.
Creating placeholder cell definition for module sky130_fd_sc_hd__o22a_1.
Creating placeholder cell definition for module sky130_fd_sc_hd__xor2_4.
Creating placeholder cell definition for module sky130_fd_sc_hd__o221ai_4.
Creating placeholder cell definition for module sky130_fd_sc_hd__a21oi_4.
Creating placeholder cell definition for module sky130_fd_sc_hd__or2_4.
Creating placeholder cell definition for module sky130_fd_sc_hd__and2_4.
Creating placeholder cell definition for module sky130_fd_sc_hd__a32o_1.
Creating placeholder cell definition for module sky130_fd_sc_hd__a2bb2o_2.
Creating placeholder cell definition for module sky130_fd_sc_hd__a2111o_1.
Creating placeholder cell definition for module sky130_fd_sc_hd__a221o_4.
Creating placeholder cell definition for module sky130_fd_sc_hd__nand4_1.
Creating placeholder cell definition for module sky130_fd_sc_hd__o2111ai_4.
Creating placeholder cell definition for module sky130_fd_sc_hd__o22ai_1.
Creating placeholder cell definition for module sky130_fd_sc_hd__o22a_2.
Creating placeholder cell definition for module sky130_fd_sc_hd__o2bb2a_2.
Creating placeholder cell definition for module sky130_fd_sc_hd__a311oi_1.
Creating placeholder cell definition for module sky130_fd_sc_hd__o2111a_1.
Creating placeholder cell definition for module sky130_fd_sc_hd__nor3b_1.
Creating placeholder cell definition for module sky130_fd_sc_hd__o221ai_1.
Creating placeholder cell definition for module sky130_fd_sc_hd__and4_2.
Creating placeholder cell definition for module sky130_fd_sc_hd__nand4_4.
Creating placeholder cell definition for module sky130_fd_sc_hd__a211o_4.
Creating placeholder cell definition for module sky130_fd_sc_hd__nand3b_4.
Creating placeholder cell definition for module sky130_fd_sc_hd__nor2_8.
Creating placeholder cell definition for module sky130_fd_sc_hd__nand4b_4.
Creating placeholder cell definition for module sky130_fd_sc_hd__or3b_4.
Creating placeholder cell definition for module sky130_fd_sc_hd__nor3b_4.
Creating placeholder cell definition for module sky130_fd_sc_hd__o32ai_4.
Creating placeholder cell definition for module sky130_fd_sc_hd__a21o_4.
Note:  Implicit pin LO in instance \u_dmem.u_sram_524  of sky130_fd_sc_hd__conb_1 in cell riscv32_singlecycle_top
Note:  Implicit pin HI in instance _438__464 of sky130_fd_sc_hd__conb_1 in cell riscv32_singlecycle_top
Note:  Implicit pin HI in instance _439__467 of sky130_fd_sc_hd__conb_1 in cell riscv32_singlecycle_top
Note:  Implicit pin HI in instance _441__468 of sky130_fd_sc_hd__conb_1 in cell riscv32_singlecycle_top
Note:  Implicit pin HI in instance _443__470 of sky130_fd_sc_hd__conb_1 in cell riscv32_singlecycle_top
Note:  Implicit pin HI in instance _444__471 of sky130_fd_sc_hd__conb_1 in cell riscv32_singlecycle_top
Note:  Implicit pin HI in instance _447__474 of sky130_fd_sc_hd__conb_1 in cell riscv32_singlecycle_top
Note:  Implicit pin HI in instance _448__475 of sky130_fd_sc_hd__conb_1 in cell riscv32_singlecycle_top
Note:  Implicit pin HI in instance _452__477 of sky130_fd_sc_hd__conb_1 in cell riscv32_singlecycle_top
Note:  Implicit pin HI in instance _453__478 of sky130_fd_sc_hd__conb_1 in cell riscv32_singlecycle_top
Note:  Implicit pin HI in instance _455__472 of sky130_fd_sc_hd__conb_1 in cell riscv32_singlecycle_top
Note:  Implicit pin HI in instance _458__481 of sky130_fd_sc_hd__conb_1 in cell riscv32_singlecycle_top
Note:  Implicit pin HI in instance _459__482 of sky130_fd_sc_hd__conb_1 in cell riscv32_singlecycle_top
Note:  Implicit pin HI in instance _463__486 of sky130_fd_sc_hd__conb_1 in cell riscv32_singlecycle_top
Note:  Implicit pin HI in instance _464__483 of sky130_fd_sc_hd__conb_1 in cell riscv32_singlecycle_top
Note:  Implicit pin HI in instance _467__489 of sky130_fd_sc_hd__conb_1 in cell riscv32_singlecycle_top
Note:  Implicit pin HI in instance _468__487 of sky130_fd_sc_hd__conb_1 in cell riscv32_singlecycle_top
Note:  Implicit pin HI in instance _472__490 of sky130_fd_sc_hd__conb_1 in cell riscv32_singlecycle_top
Note:  Implicit pin HI in instance _473__479 of sky130_fd_sc_hd__conb_1 in cell riscv32_singlecycle_top
Note:  Implicit pin HI in instance _473__484 of sky130_fd_sc_hd__conb_1 in cell riscv32_singlecycle_top
Note:  Implicit pin HI in instance _475__491 of sky130_fd_sc_hd__conb_1 in cell riscv32_singlecycle_top
Note:  Implicit pin HI in instance _477__493 of sky130_fd_sc_hd__conb_1 in cell riscv32_singlecycle_top
Note:  Implicit pin HI in instance _478__494 of sky130_fd_sc_hd__conb_1 in cell riscv32_singlecycle_top
Note:  Implicit pin HI in instance _481__497 of sky130_fd_sc_hd__conb_1 in cell riscv32_singlecycle_top
Note:  Implicit pin HI in instance _482__498 of sky130_fd_sc_hd__conb_1 in cell riscv32_singlecycle_top
Note:  Implicit pin HI in instance _486__502 of sky130_fd_sc_hd__conb_1 in cell riscv32_singlecycle_top
Note:  Implicit pin HI in instance _487__499 of sky130_fd_sc_hd__conb_1 in cell riscv32_singlecycle_top
Note:  Implicit pin HI in instance _490__506 of sky130_fd_sc_hd__conb_1 in cell riscv32_singlecycle_top
Note:  Implicit pin HI in instance _492__503 of sky130_fd_sc_hd__conb_1 in cell riscv32_singlecycle_top
Note:  Implicit pin HI in instance _494__495 of sky130_fd_sc_hd__conb_1 in cell riscv32_singlecycle_top
Note:  Implicit pin HI in instance _494__500 of sky130_fd_sc_hd__conb_1 in cell riscv32_singlecycle_top
Note:  Implicit pin HI in instance _496__504 of sky130_fd_sc_hd__conb_1 in cell riscv32_singlecycle_top
Note:  Implicit pin HI in instance _496__507 of sky130_fd_sc_hd__conb_1 in cell riscv32_singlecycle_top
Note:  Implicit pin HI in instance _497__508 of sky130_fd_sc_hd__conb_1 in cell riscv32_singlecycle_top
Note:  Implicit pin HI in instance _628__465 of sky130_fd_sc_hd__conb_1 in cell riscv32_singlecycle_top
Note:  Implicit pin HI in instance \u_dmem.u_sram_405  of sky130_fd_sc_hd__conb_1 in cell riscv32_singlecycle_top
Note:  Implicit pin HI in instance \u_dmem.u_sram_406  of sky130_fd_sc_hd__conb_1 in cell riscv32_singlecycle_top
Note:  Implicit pin HI in instance \u_dmem.u_sram_407  of sky130_fd_sc_hd__conb_1 in cell riscv32_singlecycle_top
Note:  Implicit pin HI in instance \u_dmem.u_sram_408  of sky130_fd_sc_hd__conb_1 in cell riscv32_singlecycle_top
Note:  Implicit pin HI in instance \u_dmem.u_sram_409  of sky130_fd_sc_hd__conb_1 in cell riscv32_singlecycle_top
Note:  Implicit pin HI in instance \u_dmem.u_sram_410  of sky130_fd_sc_hd__conb_1 in cell riscv32_singlecycle_top
Note:  Implicit pin HI in instance \u_dmem.u_sram_411  of sky130_fd_sc_hd__conb_1 in cell riscv32_singlecycle_top
Note:  Implicit pin HI in instance \u_dmem.u_sram_412  of sky130_fd_sc_hd__conb_1 in cell riscv32_singlecycle_top
Note:  Implicit pin LO in instance \u_dmem.u_sram_525  of sky130_fd_sc_hd__conb_1 in cell riscv32_singlecycle_top
Note:  Implicit pin LO in instance \u_dmem.u_sram_526  of sky130_fd_sc_hd__conb_1 in cell riscv32_singlecycle_top
Note:  Implicit pin LO in instance \u_dmem.u_sram_527  of sky130_fd_sc_hd__conb_1 in cell riscv32_singlecycle_top
Note:  Implicit pin LO in instance \u_dmem.u_sram_528  of sky130_fd_sc_hd__conb_1 in cell riscv32_singlecycle_top
Note:  Implicit pin HI in instance \u_imem.u_sram_413  of sky130_fd_sc_hd__conb_1 in cell riscv32_singlecycle_top
Note:  Implicit pin HI in instance \u_imem.u_sram_414  of sky130_fd_sc_hd__conb_1 in cell riscv32_singlecycle_top
Note:  Implicit pin HI in instance \u_imem.u_sram_415  of sky130_fd_sc_hd__conb_1 in cell riscv32_singlecycle_top
Note:  Implicit pin HI in instance \u_imem.u_sram_416  of sky130_fd_sc_hd__conb_1 in cell riscv32_singlecycle_top
Note:  Implicit pin HI in instance \u_imem.u_sram_417  of sky130_fd_sc_hd__conb_1 in cell riscv32_singlecycle_top
Note:  Implicit pin HI in instance \u_imem.u_sram_418  of sky130_fd_sc_hd__conb_1 in cell riscv32_singlecycle_top
Note:  Implicit pin HI in instance \u_imem.u_sram_419  of sky130_fd_sc_hd__conb_1 in cell riscv32_singlecycle_top
Note:  Implicit pin HI in instance \u_imem.u_sram_420  of sky130_fd_sc_hd__conb_1 in cell riscv32_singlecycle_top
Note:  Implicit pin HI in instance \u_imem.u_sram_421  of sky130_fd_sc_hd__conb_1 in cell riscv32_singlecycle_top
Note:  Implicit pin HI in instance \u_imem.u_sram_422  of sky130_fd_sc_hd__conb_1 in cell riscv32_singlecycle_top
Note:  Implicit pin HI in instance \u_imem.u_sram_423  of sky130_fd_sc_hd__conb_1 in cell riscv32_singlecycle_top
Note:  Implicit pin HI in instance \u_imem.u_sram_424  of sky130_fd_sc_hd__conb_1 in cell riscv32_singlecycle_top
Note:  Implicit pin HI in instance \u_imem.u_sram_425  of sky130_fd_sc_hd__conb_1 in cell riscv32_singlecycle_top
Note:  Implicit pin HI in instance \u_imem.u_sram_426  of sky130_fd_sc_hd__conb_1 in cell riscv32_singlecycle_top
Note:  Implicit pin HI in instance \u_imem.u_sram_427  of sky130_fd_sc_hd__conb_1 in cell riscv32_singlecycle_top
Note:  Implicit pin HI in instance \u_imem.u_sram_428  of sky130_fd_sc_hd__conb_1 in cell riscv32_singlecycle_top
Note:  Implicit pin HI in instance \u_imem.u_sram_429  of sky130_fd_sc_hd__conb_1 in cell riscv32_singlecycle_top
Note:  Implicit pin HI in instance \u_imem.u_sram_430  of sky130_fd_sc_hd__conb_1 in cell riscv32_singlecycle_top
Note:  Implicit pin HI in instance \u_imem.u_sram_431  of sky130_fd_sc_hd__conb_1 in cell riscv32_singlecycle_top
Note:  Implicit pin HI in instance \u_imem.u_sram_432  of sky130_fd_sc_hd__conb_1 in cell riscv32_singlecycle_top
Note:  Implicit pin HI in instance \u_imem.u_sram_433  of sky130_fd_sc_hd__conb_1 in cell riscv32_singlecycle_top
Note:  Implicit pin HI in instance \u_imem.u_sram_434  of sky130_fd_sc_hd__conb_1 in cell riscv32_singlecycle_top
Note:  Implicit pin HI in instance \u_imem.u_sram_435  of sky130_fd_sc_hd__conb_1 in cell riscv32_singlecycle_top
Note:  Implicit pin HI in instance \u_imem.u_sram_436  of sky130_fd_sc_hd__conb_1 in cell riscv32_singlecycle_top
Note:  Implicit pin HI in instance \u_imem.u_sram_437  of sky130_fd_sc_hd__conb_1 in cell riscv32_singlecycle_top
Note:  Implicit pin HI in instance \u_imem.u_sram_438  of sky130_fd_sc_hd__conb_1 in cell riscv32_singlecycle_top
Note:  Implicit pin HI in instance \u_imem.u_sram_439  of sky130_fd_sc_hd__conb_1 in cell riscv32_singlecycle_top
Note:  Implicit pin HI in instance \u_imem.u_sram_440  of sky130_fd_sc_hd__conb_1 in cell riscv32_singlecycle_top
Note:  Implicit pin HI in instance \u_imem.u_sram_441  of sky130_fd_sc_hd__conb_1 in cell riscv32_singlecycle_top
Note:  Implicit pin HI in instance \u_imem.u_sram_442  of sky130_fd_sc_hd__conb_1 in cell riscv32_singlecycle_top
Note:  Implicit pin HI in instance \u_imem.u_sram_443  of sky130_fd_sc_hd__conb_1 in cell riscv32_singlecycle_top
Note:  Implicit pin HI in instance \u_imem.u_sram_444  of sky130_fd_sc_hd__conb_1 in cell riscv32_singlecycle_top
Note:  Implicit pin HI in instance \u_imem.u_sram_445  of sky130_fd_sc_hd__conb_1 in cell riscv32_singlecycle_top
Note:  Implicit pin HI in instance \u_imem.u_sram_446  of sky130_fd_sc_hd__conb_1 in cell riscv32_singlecycle_top
Note:  Implicit pin HI in instance \u_imem.u_sram_447  of sky130_fd_sc_hd__conb_1 in cell riscv32_singlecycle_top
Note:  Implicit pin HI in instance \u_imem.u_sram_448  of sky130_fd_sc_hd__conb_1 in cell riscv32_singlecycle_top
Note:  Implicit pin HI in instance \u_imem.u_sram_449  of sky130_fd_sc_hd__conb_1 in cell riscv32_singlecycle_top
Note:  Implicit pin HI in instance \u_imem.u_sram_450  of sky130_fd_sc_hd__conb_1 in cell riscv32_singlecycle_top
Note:  Implicit pin HI in instance \u_imem.u_sram_451  of sky130_fd_sc_hd__conb_1 in cell riscv32_singlecycle_top
Note:  Implicit pin HI in instance \u_imem.u_sram_452  of sky130_fd_sc_hd__conb_1 in cell riscv32_singlecycle_top
Note:  Implicit pin HI in instance \u_imem.u_sram_453  of sky130_fd_sc_hd__conb_1 in cell riscv32_singlecycle_top
Note:  Implicit pin HI in instance \u_imem.u_sram_454  of sky130_fd_sc_hd__conb_1 in cell riscv32_singlecycle_top
Note:  Implicit pin HI in instance \u_imem.u_sram_455  of sky130_fd_sc_hd__conb_1 in cell riscv32_singlecycle_top
Note:  Implicit pin HI in instance \u_imem.u_sram_456  of sky130_fd_sc_hd__conb_1 in cell riscv32_singlecycle_top
Note:  Implicit pin HI in instance \u_imem.u_sram_457  of sky130_fd_sc_hd__conb_1 in cell riscv32_singlecycle_top
Note:  Implicit pin LO in instance \u_imem.u_sram_529  of sky130_fd_sc_hd__conb_1 in cell riscv32_singlecycle_top
Note:  Implicit pin LO in instance \u_imem.u_sram_530  of sky130_fd_sc_hd__conb_1 in cell riscv32_singlecycle_top
Note:  Implicit pin HI in instance \u_pc_next_logic._0857__460  of sky130_fd_sc_hd__conb_1 in cell riscv32_singlecycle_top
Note:  Implicit pin HI in instance \u_pc_next_logic._0858__458  of sky130_fd_sc_hd__conb_1 in cell riscv32_singlecycle_top
Creating placeholder cell definition for module sky130_fd_sc_hd__inv_4.
Note:  Implicit pin HI in instance \u_pc_next_logic._0866__461  of sky130_fd_sc_hd__conb_1 in cell riscv32_singlecycle_top
Note:  Implicit pin HI in instance \u_pc_next_logic._0868__462  of sky130_fd_sc_hd__conb_1 in cell riscv32_singlecycle_top
Creating placeholder cell definition for module sky130_fd_sc_hd__nand2_8.
Note:  Implicit pin HI in instance \u_pc_next_logic._0874__459  of sky130_fd_sc_hd__conb_1 in cell riscv32_singlecycle_top
Note:  Implicit pin HI in instance \u_pc_next_logic._0895__463  of sky130_fd_sc_hd__conb_1 in cell riscv32_singlecycle_top
Creating placeholder cell definition for module sky130_fd_sc_hd__a21boi_2.
Creating placeholder cell definition for module sky130_fd_sc_hd__a41o_1.
Creating placeholder cell definition for module sky130_fd_sc_hd__a2111oi_1.
Creating placeholder cell definition for module sky130_fd_sc_hd__or4bb_1.
Creating placeholder cell definition for module sky130_fd_sc_hd__xnor2_4.
Creating placeholder cell definition for module sky130_fd_sc_hd__o21bai_2.
Creating placeholder cell definition for module sky130_fd_sc_hd__and3b_2.
Creating placeholder cell definition for module sky130_fd_sc_hd__or2b_2.
Creating placeholder cell definition for module sky130_fd_sc_hd__nor4_1.
Creating placeholder cell definition for module sky130_fd_sc_hd__o221a_2.
Creating placeholder cell definition for module sky130_fd_sc_hd__dfxtp_4.
Creating placeholder cell definition for module sky130_fd_sc_hd__dfxtp_1.
Creating placeholder cell definition for module sky130_fd_sc_hd__a21boi_4.
Note:  Implicit pin HI in instance \u_regfile.u_sram_rs1_510  of sky130_fd_sc_hd__conb_1 in cell riscv32_singlecycle_top
Note:  Implicit pin HI in instance \u_regfile.u_sram_rs1_511  of sky130_fd_sc_hd__conb_1 in cell riscv32_singlecycle_top
Note:  Implicit pin HI in instance \u_regfile.u_sram_rs1_512  of sky130_fd_sc_hd__conb_1 in cell riscv32_singlecycle_top
Note:  Implicit pin HI in instance \u_regfile.u_sram_rs1_513  of sky130_fd_sc_hd__conb_1 in cell riscv32_singlecycle_top
Note:  Implicit pin HI in instance \u_regfile.u_sram_rs1_514  of sky130_fd_sc_hd__conb_1 in cell riscv32_singlecycle_top
Note:  Implicit pin HI in instance \u_regfile.u_sram_rs1_515  of sky130_fd_sc_hd__conb_1 in cell riscv32_singlecycle_top
Note:  Implicit pin HI in instance \u_regfile.u_sram_rs1_516  of sky130_fd_sc_hd__conb_1 in cell riscv32_singlecycle_top
Note:  Implicit pin LO in instance \u_regfile.u_sram_rs1_531  of sky130_fd_sc_hd__conb_1 in cell riscv32_singlecycle_top
Note:  Implicit pin LO in instance \u_regfile.u_sram_rs1_532  of sky130_fd_sc_hd__conb_1 in cell riscv32_singlecycle_top
Note:  Implicit pin LO in instance \u_regfile.u_sram_rs1_533  of sky130_fd_sc_hd__conb_1 in cell riscv32_singlecycle_top
Note:  Implicit pin LO in instance \u_regfile.u_sram_rs1_534  of sky130_fd_sc_hd__conb_1 in cell riscv32_singlecycle_top
Note:  Implicit pin HI in instance \u_regfile.u_sram_rs2_517  of sky130_fd_sc_hd__conb_1 in cell riscv32_singlecycle_top
Note:  Implicit pin HI in instance \u_regfile.u_sram_rs2_518  of sky130_fd_sc_hd__conb_1 in cell riscv32_singlecycle_top
Note:  Implicit pin HI in instance \u_regfile.u_sram_rs2_519  of sky130_fd_sc_hd__conb_1 in cell riscv32_singlecycle_top
Note:  Implicit pin HI in instance \u_regfile.u_sram_rs2_520  of sky130_fd_sc_hd__conb_1 in cell riscv32_singlecycle_top
Note:  Implicit pin HI in instance \u_regfile.u_sram_rs2_521  of sky130_fd_sc_hd__conb_1 in cell riscv32_singlecycle_top
Note:  Implicit pin HI in instance \u_regfile.u_sram_rs2_522  of sky130_fd_sc_hd__conb_1 in cell riscv32_singlecycle_top
Note:  Implicit pin HI in instance \u_regfile.u_sram_rs2_523  of sky130_fd_sc_hd__conb_1 in cell riscv32_singlecycle_top
Note:  Implicit pin LO in instance \u_regfile.u_sram_rs2_535  of sky130_fd_sc_hd__conb_1 in cell riscv32_singlecycle_top
Note:  Implicit pin LO in instance \u_regfile.u_sram_rs2_536  of sky130_fd_sc_hd__conb_1 in cell riscv32_singlecycle_top
Note:  Implicit pin LO in instance \u_regfile.u_sram_rs2_537  of sky130_fd_sc_hd__conb_1 in cell riscv32_singlecycle_top
Note:  Implicit pin LO in instance \u_regfile.u_sram_rs2_538  of sky130_fd_sc_hd__conb_1 in cell riscv32_singlecycle_top
Creating placeholder cell definition for module sky130_fd_sc_hd__nor3b_2.
Note:  Implicit pin HI in instance \u_wb_mux._096__466  of sky130_fd_sc_hd__conb_1 in cell riscv32_singlecycle_top
Note:  Implicit pin HI in instance \u_wb_mux._101__469  of sky130_fd_sc_hd__conb_1 in cell riscv32_singlecycle_top
Note:  Implicit pin HI in instance \u_wb_mux._104__473  of sky130_fd_sc_hd__conb_1 in cell riscv32_singlecycle_top
Note:  Implicit pin HI in instance \u_wb_mux._107__476  of sky130_fd_sc_hd__conb_1 in cell riscv32_singlecycle_top
Note:  Implicit pin HI in instance \u_wb_mux._110__480  of sky130_fd_sc_hd__conb_1 in cell riscv32_singlecycle_top
Note:  Implicit pin HI in instance \u_wb_mux._113__485  of sky130_fd_sc_hd__conb_1 in cell riscv32_singlecycle_top
Note:  Implicit pin HI in instance \u_wb_mux._116__488  of sky130_fd_sc_hd__conb_1 in cell riscv32_singlecycle_top
Note:  Implicit pin HI in instance \u_wb_mux._119__492  of sky130_fd_sc_hd__conb_1 in cell riscv32_singlecycle_top
Note:  Implicit pin HI in instance \u_wb_mux._122__496  of sky130_fd_sc_hd__conb_1 in cell riscv32_singlecycle_top
Note:  Implicit pin HI in instance \u_wb_mux._125__501  of sky130_fd_sc_hd__conb_1 in cell riscv32_singlecycle_top
Note:  Implicit pin HI in instance \u_wb_mux._132__505  of sky130_fd_sc_hd__conb_1 in cell riscv32_singlecycle_top
Note:  Implicit pin HI in instance \u_wb_mux._136__509  of sky130_fd_sc_hd__conb_1 in cell riscv32_singlecycle_top
Creating placeholder cell definition for module sky130_fd_sc_hd__a22o_4.

Reading setup file /home/prabhat/Work_Ubuntu/RV32I_Single-Cycle_32-bit_RISC-V_Processor/openlane/riscv32_singlecycle_top/sky130A_setup_macros.tcl

Model sky130_fd_pr__res_generic_po pin 1 == 2
No property value found for device sky130_fd_pr__res_generic_po
No property mult found for device sky130_fd_pr__res_generic_po
Model sky130_fd_pr__nfet_01v8 pin 1 == 3
No property mult found for device sky130_fd_pr__nfet_01v8
No property sa found for device sky130_fd_pr__nfet_01v8
No property sb found for device sky130_fd_pr__nfet_01v8
No property sd found for device sky130_fd_pr__nfet_01v8
No property nf found for device sky130_fd_pr__nfet_01v8
No property nrd found for device sky130_fd_pr__nfet_01v8
No property nrs found for device sky130_fd_pr__nfet_01v8
No property area found for device sky130_fd_pr__nfet_01v8
No property perim found for device sky130_fd_pr__nfet_01v8
No property topography found for device sky130_fd_pr__nfet_01v8
Model sky130_fd_pr__nfet_01v8 pin 1 == 3
No property as found for device sky130_fd_pr__nfet_01v8
No property ad found for device sky130_fd_pr__nfet_01v8
No property ps found for device sky130_fd_pr__nfet_01v8
No property pd found for device sky130_fd_pr__nfet_01v8
No property mult found for device sky130_fd_pr__nfet_01v8
No property sa found for device sky130_fd_pr__nfet_01v8
No property sb found for device sky130_fd_pr__nfet_01v8
No property sd found for device sky130_fd_pr__nfet_01v8
No property nf found for device sky130_fd_pr__nfet_01v8
No property nrd found for device sky130_fd_pr__nfet_01v8
No property nrs found for device sky130_fd_pr__nfet_01v8
No property area found for device sky130_fd_pr__nfet_01v8
No property perim found for device sky130_fd_pr__nfet_01v8
No property topography found for device sky130_fd_pr__nfet_01v8
Model sky130_fd_pr__pfet_01v8 pin 1 == 3
No property mult found for device sky130_fd_pr__pfet_01v8
No property sa found for device sky130_fd_pr__pfet_01v8
No property sb found for device sky130_fd_pr__pfet_01v8
No property sd found for device sky130_fd_pr__pfet_01v8
No property nf found for device sky130_fd_pr__pfet_01v8
No property nrd found for device sky130_fd_pr__pfet_01v8
No property nrs found for device sky130_fd_pr__pfet_01v8
No property area found for device sky130_fd_pr__pfet_01v8
No property perim found for device sky130_fd_pr__pfet_01v8
No property topography found for device sky130_fd_pr__pfet_01v8
Model sky130_fd_pr__pfet_01v8 pin 1 == 3
No property as found for device sky130_fd_pr__pfet_01v8
No property ad found for device sky130_fd_pr__pfet_01v8
No property ps found for device sky130_fd_pr__pfet_01v8
No property pd found for device sky130_fd_pr__pfet_01v8
No property mult found for device sky130_fd_pr__pfet_01v8
No property sa found for device sky130_fd_pr__pfet_01v8
No property sb found for device sky130_fd_pr__pfet_01v8
No property sd found for device sky130_fd_pr__pfet_01v8
No property nf found for device sky130_fd_pr__pfet_01v8
No property nrd found for device sky130_fd_pr__pfet_01v8
No property nrs found for device sky130_fd_pr__pfet_01v8
No property area found for device sky130_fd_pr__pfet_01v8
No property perim found for device sky130_fd_pr__pfet_01v8
No property topography found for device sky130_fd_pr__pfet_01v8
Model sky130_fd_pr__pfet_01v8_hvt pin 1 == 3
No property mult found for device sky130_fd_pr__pfet_01v8_hvt
No property sa found for device sky130_fd_pr__pfet_01v8_hvt
No property sb found for device sky130_fd_pr__pfet_01v8_hvt
No property sd found for device sky130_fd_pr__pfet_01v8_hvt
No property nf found for device sky130_fd_pr__pfet_01v8_hvt
No property nrd found for device sky130_fd_pr__pfet_01v8_hvt
No property nrs found for device sky130_fd_pr__pfet_01v8_hvt
No property area found for device sky130_fd_pr__pfet_01v8_hvt
No property perim found for device sky130_fd_pr__pfet_01v8_hvt
No property topography found for device sky130_fd_pr__pfet_01v8_hvt
Model sky130_fd_pr__special_nfet_latch pin 1 == 3
No property mult found for device sky130_fd_pr__special_nfet_latch
No property sa found for device sky130_fd_pr__special_nfet_latch
No property sb found for device sky130_fd_pr__special_nfet_latch
No property sd found for device sky130_fd_pr__special_nfet_latch
No property nf found for device sky130_fd_pr__special_nfet_latch
No property nrd found for device sky130_fd_pr__special_nfet_latch
No property nrs found for device sky130_fd_pr__special_nfet_latch
No property area found for device sky130_fd_pr__special_nfet_latch
No property perim found for device sky130_fd_pr__special_nfet_latch
No property topography found for device sky130_fd_pr__special_nfet_latch
Model sky130_fd_pr__special_nfet_latch pin 1 == 3
No property as found for device sky130_fd_pr__special_nfet_latch
No property ad found for device sky130_fd_pr__special_nfet_latch
No property ps found for device sky130_fd_pr__special_nfet_latch
No property pd found for device sky130_fd_pr__special_nfet_latch
No property mult found for device sky130_fd_pr__special_nfet_latch
No property sa found for device sky130_fd_pr__special_nfet_latch
No property sb found for device sky130_fd_pr__special_nfet_latch
No property sd found for device sky130_fd_pr__special_nfet_latch
No property nf found for device sky130_fd_pr__special_nfet_latch
No property nrd found for device sky130_fd_pr__special_nfet_latch
No property nrs found for device sky130_fd_pr__special_nfet_latch
No property area found for device sky130_fd_pr__special_nfet_latch
No property perim found for device sky130_fd_pr__special_nfet_latch
No property topography found for device sky130_fd_pr__special_nfet_latch
Model sky130_fd_pr__special_pfet_latch pin 1 == 3
No property mult found for device sky130_fd_pr__special_pfet_latch
No property sa found for device sky130_fd_pr__special_pfet_latch
No property sb found for device sky130_fd_pr__special_pfet_latch
No property sd found for device sky130_fd_pr__special_pfet_latch
No property nf found for device sky130_fd_pr__special_pfet_latch
No property nrd found for device sky130_fd_pr__special_pfet_latch
No property nrs found for device sky130_fd_pr__special_pfet_latch
No property area found for device sky130_fd_pr__special_pfet_latch
No property perim found for device sky130_fd_pr__special_pfet_latch
No property topography found for device sky130_fd_pr__special_pfet_latch
Model sky130_fd_pr__special_pfet_latch pin 1 == 3
No property as found for device sky130_fd_pr__special_pfet_latch
No property ad found for device sky130_fd_pr__special_pfet_latch
No property ps found for device sky130_fd_pr__special_pfet_latch
No property pd found for device sky130_fd_pr__special_pfet_latch
No property mult found for device sky130_fd_pr__special_pfet_latch
No property sa found for device sky130_fd_pr__special_pfet_latch
No property sb found for device sky130_fd_pr__special_pfet_latch
No property sd found for device sky130_fd_pr__special_pfet_latch
No property nf found for device sky130_fd_pr__special_pfet_latch
No property nrd found for device sky130_fd_pr__special_pfet_latch
No property nrs found for device sky130_fd_pr__special_pfet_latch
No property area found for device sky130_fd_pr__special_pfet_latch
No property perim found for device sky130_fd_pr__special_pfet_latch
No property topography found for device sky130_fd_pr__special_pfet_latch
Model sky130_fd_pr__special_nfet_01v8 pin 1 == 3
No property mult found for device sky130_fd_pr__special_nfet_01v8
No property sa found for device sky130_fd_pr__special_nfet_01v8
No property sb found for device sky130_fd_pr__special_nfet_01v8
No property sd found for device sky130_fd_pr__special_nfet_01v8
No property nf found for device sky130_fd_pr__special_nfet_01v8
No property nrd found for device sky130_fd_pr__special_nfet_01v8
No property nrs found for device sky130_fd_pr__special_nfet_01v8
No property area found for device sky130_fd_pr__special_nfet_01v8
No property perim found for device sky130_fd_pr__special_nfet_01v8
No property topography found for device sky130_fd_pr__special_nfet_01v8
Model sky130_fd_pr__special_nfet_01v8 pin 1 == 3
No property as found for device sky130_fd_pr__special_nfet_01v8
No property ad found for device sky130_fd_pr__special_nfet_01v8
No property ps found for device sky130_fd_pr__special_nfet_01v8
No property pd found for device sky130_fd_pr__special_nfet_01v8
No property mult found for device sky130_fd_pr__special_nfet_01v8
No property sa found for device sky130_fd_pr__special_nfet_01v8
No property sb found for device sky130_fd_pr__special_nfet_01v8
No property sd found for device sky130_fd_pr__special_nfet_01v8
No property nf found for device sky130_fd_pr__special_nfet_01v8
No property nrd found for device sky130_fd_pr__special_nfet_01v8
No property nrs found for device sky130_fd_pr__special_nfet_01v8
No property area found for device sky130_fd_pr__special_nfet_01v8
No property perim found for device sky130_fd_pr__special_nfet_01v8
No property topography found for device sky130_fd_pr__special_nfet_01v8
No property value found for device sky130_fd_pr__diode_pw2nd_05v5
No property mult found for device sky130_fd_pr__diode_pw2nd_05v5
Comparison output logged to file /home/prabhat/Work_Ubuntu/RV32I_Single-Cycle_32-bit_RISC-V_Processor/openlane/riscv32_singlecycle_top/runs/rv32i_macro_GDS_flow/logs/signoff/36-riscv32_singlecycle_top.gds.lvs.log
Logging to file "/home/prabhat/Work_Ubuntu/RV32I_Single-Cycle_32-bit_RISC-V_Processor/openlane/riscv32_singlecycle_top/runs/rv32i_macro_GDS_flow/logs/signoff/36-riscv32_singlecycle_top.gds.lvs.log" enabled
Circuit sky130_fd_pr__nfet_01v8 contains no devices.
Circuit sky130_fd_pr__special_nfet_01v8 contains no devices.
Circuit sky130_ef_sc_hd__decap_12 contains no devices.
Circuit sky130_fd_sc_hd__decap_6 contains no devices.
Circuit sky130_fd_sc_hd__decap_3 contains no devices.
Circuit sky130_fd_sc_hd__decap_4 contains no devices.
Circuit sky130_fd_sc_hd__decap_8 contains no devices.
Circuit sky130_fd_sc_hd__conb_1 contains no devices.
Circuit sky130_fd_sc_hd__a22o_4 contains no devices.
Circuit sky130_fd_sc_hd__diode_2 contains no devices.
Circuit sky130_fd_sc_hd__or2_1 contains no devices.
Circuit sky130_fd_sc_hd__mux2_1 contains no devices.
Circuit sky130_fd_sc_hd__o21ai_1 contains no devices.
Circuit sky130_fd_sc_hd__buf_6 contains no devices.
Circuit sky130_fd_sc_hd__clkbuf_1 contains no devices.
Circuit sky130_fd_sc_hd__a31o_1 contains no devices.
Circuit sky130_fd_sc_hd__clkbuf_4 contains no devices.
Circuit sky130_fd_sc_hd__clkbuf_2 contains no devices.
Circuit sky130_fd_sc_hd__a21oi_1 contains no devices.
Circuit sky130_fd_sc_hd__or4_1 contains no devices.
Circuit sky130_fd_sc_hd__a32o_2 contains no devices.
Circuit sky130_fd_sc_hd__a21boi_4 contains no devices.
Circuit sky130_fd_sc_hd__nand3_1 contains no devices.
Circuit sky130_fd_sc_hd__and4_1 contains no devices.
Circuit sky130_fd_sc_hd__buf_4 contains no devices.
Circuit sky130_fd_sc_hd__and2_1 contains no devices.
Circuit sky130_fd_sc_hd__o21ai_2 contains no devices.
Circuit sky130_fd_sc_hd__or2b_1 contains no devices.
Circuit sky130_fd_sc_hd__mux4_2 contains no devices.
Circuit sky130_fd_sc_hd__buf_1 contains no devices.
Circuit sky130_fd_sc_hd__nand2_8 contains no devices.
Circuit sky130_fd_sc_hd__nand2_1 contains no devices.
Circuit sky130_fd_sc_hd__inv_2 contains no devices.
Circuit sky130_fd_sc_hd__o221a_1 contains no devices.
Circuit sky130_fd_sc_hd__a211o_4 contains no devices.
Circuit sky130_fd_sc_hd__buf_2 contains no devices.
Circuit sky130_fd_sc_hd__o21a_1 contains no devices.
Circuit sky130_fd_sc_hd__xor2_1 contains no devices.
Circuit sky130_fd_sc_hd__xnor2_2 contains no devices.
Circuit sky130_fd_sc_hd__a211o_2 contains no devices.
Circuit sky130_fd_sc_hd__a21o_1 contains no devices.
Circuit sky130_fd_sc_hd__nor2_1 contains no devices.
Circuit sky130_fd_sc_hd__o211a_1 contains no devices.
Circuit sky130_fd_sc_hd__and2b_1 contains no devices.
Circuit sky130_fd_sc_hd__o211ai_4 contains no devices.
Circuit sky130_fd_sc_hd__xnor2_1 contains no devices.
Circuit sky130_fd_sc_hd__clkbuf_8 contains no devices.
Circuit sky130_fd_sc_hd__buf_8 contains no devices.
Circuit sky130_fd_sc_hd__or3_1 contains no devices.
Circuit sky130_fd_sc_hd__or2_2 contains no devices.
Circuit sky130_fd_sc_hd__a22o_1 contains no devices.
Circuit sky130_fd_sc_hd__mux2_2 contains no devices.
Circuit sky130_fd_sc_hd__a221o_1 contains no devices.
Circuit sky130_fd_sc_hd__and4b_1 contains no devices.
Circuit sky130_fd_sc_hd__nor2_2 contains no devices.
Circuit sky130_fd_sc_hd__a22o_2 contains no devices.
Circuit sky130_fd_sc_hd__nand2_2 contains no devices.
Circuit sky130_fd_sc_hd__and4bb_1 contains no devices.
Circuit sky130_fd_sc_hd__and4_2 contains no devices.
Circuit sky130_fd_sc_hd__dlymetal6s2s_1 contains no devices.
Circuit sky130_fd_sc_hd__xor2_4 contains no devices.
Circuit sky130_fd_sc_hd__clkbuf_16 contains no devices.
Circuit sky130_fd_sc_hd__o31ai_4 contains no devices.
Circuit sky130_fd_sc_hd__or3b_1 contains no devices.
Circuit sky130_fd_sc_hd__a311o_2 contains no devices.
Circuit sky130_fd_sc_hd__a2bb2o_2 contains no devices.
Circuit sky130_fd_sc_hd__a211o_1 contains no devices.
Circuit sky130_fd_sc_hd__mux2_4 contains no devices.
Circuit sky130_fd_sc_hd__or3_4 contains no devices.
Circuit sky130_fd_sc_hd__mux4_1 contains no devices.
Circuit sky130_fd_sc_hd__a21oi_2 contains no devices.
Circuit sky130_fd_sc_hd__xor2_2 contains no devices.
Circuit sky130_fd_sc_hd__and3_1 contains no devices.
Circuit sky130_fd_sc_hd__o21ba_1 contains no devices.
Circuit sky130_fd_sc_hd__or4b_1 contains no devices.
Circuit sky130_fd_sc_hd__a21oi_4 contains no devices.
Circuit sky130_fd_sc_hd__a211oi_2 contains no devices.
Circuit sky130_fd_sc_hd__o22a_1 contains no devices.
Circuit sky130_fd_sc_hd__o22ai_1 contains no devices.
Circuit sky130_fd_sc_hd__nor2_4 contains no devices.
Circuit sky130_fd_sc_hd__o41a_1 contains no devices.
Circuit sky130_fd_sc_hd__a2bb2o_1 contains no devices.
Circuit sky130_fd_sc_hd__o21a_2 contains no devices.
Circuit sky130_fd_sc_hd__o2111ai_4 contains no devices.
Circuit sky130_fd_sc_hd__o2111ai_1 contains no devices.
Circuit sky130_fd_sc_hd__o32a_1 contains no devices.
Circuit sky130_fd_sc_hd__a41o_1 contains no devices.
Circuit sky130_fd_sc_hd__and2_2 contains no devices.
Circuit sky130_fd_sc_hd__o31a_1 contains no devices.
Circuit sky130_fd_sc_hd__o22a_2 contains no devices.
Circuit sky130_fd_sc_hd__and3b_1 contains no devices.
Circuit sky130_fd_sc_hd__a22oi_1 contains no devices.
Circuit sky130_fd_sc_hd__a311o_1 contains no devices.
Circuit sky130_fd_sc_hd__nor3_1 contains no devices.
Circuit sky130_fd_sc_hd__o2bb2a_1 contains no devices.
Circuit sky130_fd_sc_hd__nor4_2 contains no devices.
Circuit sky130_fd_sc_hd__nor4b_1 contains no devices.
Circuit sky130_fd_sc_hd__a21boi_2 contains no devices.
Circuit sky130_fd_sc_hd__and3_2 contains no devices.
Circuit sky130_fd_sc_hd__a21o_2 contains no devices.
Circuit sky130_fd_sc_hd__o211ai_2 contains no devices.
Circuit sky130_fd_sc_hd__o2bb2a_2 contains no devices.
Circuit sky130_fd_sc_hd__or4_4 contains no devices.
Circuit sky130_fd_sc_hd__a32o_1 contains no devices.
Circuit sky130_fd_sc_hd__a211oi_1 contains no devices.
Circuit sky130_fd_sc_hd__a31oi_1 contains no devices.
Circuit sky130_fd_sc_hd__buf_12 contains no devices.
Circuit sky130_fd_sc_hd__a2111o_1 contains no devices.
Circuit sky130_fd_sc_hd__dfxtp_4 contains no devices.
Circuit sky130_fd_sc_hd__o211ai_1 contains no devices.
Circuit sky130_fd_sc_hd__a21bo_1 contains no devices.
Circuit sky130_fd_sc_hd__o21ba_2 contains no devices.
Circuit sky130_fd_sc_hd__a21boi_1 contains no devices.
Circuit sky130_fd_sc_hd__xnor2_4 contains no devices.
Circuit sky130_fd_sc_hd__or2_4 contains no devices.
Circuit sky130_fd_sc_hd__or4_2 contains no devices.
Circuit sky130_fd_sc_hd__or2b_2 contains no devices.
Circuit sky130_fd_sc_hd__nand2b_2 contains no devices.
Circuit sky130_fd_sc_hd__nand4b_1 contains no devices.
Circuit sky130_fd_sc_hd__a31o_4 contains no devices.
Circuit sky130_fd_sc_hd__nor3_2 contains no devices.
Circuit sky130_fd_sc_hd__nand4_4 contains no devices.
Circuit sky130_fd_sc_hd__and2_4 contains no devices.
Circuit sky130_fd_sc_hd__o32ai_4 contains no devices.
Circuit sky130_fd_sc_hd__o221a_2 contains no devices.
Circuit sky130_fd_sc_hd__o311a_1 contains no devices.
Circuit sky130_fd_sc_hd__a22oi_4 contains no devices.
Circuit sky130_fd_sc_hd__and3b_2 contains no devices.
Circuit sky130_fd_sc_hd__o21bai_2 contains no devices.
Circuit sky130_fd_sc_hd__nor3b_4 contains no devices.
Circuit sky130_fd_sc_hd__a31o_2 contains no devices.
Circuit sky130_fd_sc_hd__o31ai_1 contains no devices.
Circuit sky130_fd_sc_hd__nand2_4 contains no devices.
Circuit sky130_fd_sc_hd__dfxtp_1 contains no devices.
Circuit sky130_fd_sc_hd__a311oi_1 contains no devices.
Circuit sky130_fd_sc_hd__nand3_2 contains no devices.
Circuit sky130_fd_sc_hd__or4bb_2 contains no devices.
Circuit sky130_fd_sc_hd__or3b_2 contains no devices.
Circuit sky130_fd_sc_hd__or3_2 contains no devices.
Circuit sky130_fd_sc_hd__or4bb_4 contains no devices.
Circuit sky130_fd_sc_hd__o2111a_1 contains no devices.
Circuit sky130_fd_sc_hd__nor2b_1 contains no devices.
Circuit sky130_fd_sc_hd__or4bb_1 contains no devices.
Circuit sky130_fd_sc_hd__nor4_1 contains no devices.
Circuit sky130_fd_sc_hd__and4bb_2 contains no devices.
Circuit sky130_fd_sc_hd__o21ai_4 contains no devices.
Circuit sky130_fd_sc_hd__nand4_1 contains no devices.
Circuit sky130_fd_sc_hd__o21bai_1 contains no devices.
Circuit sky130_fd_sc_hd__or4b_2 contains no devices.
Circuit sky130_fd_sc_hd__o221ai_4 contains no devices.
Circuit sky130_fd_sc_hd__a221o_4 contains no devices.
Circuit sky130_fd_sc_hd__a221oi_4 contains no devices.
Circuit sky130_fd_sc_hd__o211a_2 contains no devices.
Circuit sky130_fd_sc_hd__a2111oi_1 contains no devices.
Circuit sky130_fd_sc_hd__o31ai_2 contains no devices.
Circuit sky130_fd_sc_hd__o31a_2 contains no devices.
Circuit sky130_fd_sc_hd__a31oi_2 contains no devices.
Circuit sky130_fd_sc_hd__and2b_2 contains no devices.
Circuit sky130_fd_sc_hd__and4b_2 contains no devices.
Circuit sky130_fd_sc_hd__a221o_2 contains no devices.
Circuit sky130_fd_sc_hd__nor3b_1 contains no devices.
Circuit sky130_fd_sc_hd__dlygate4sd1_1 contains no devices.
Circuit sky130_fd_sc_hd__o221ai_1 contains no devices.
Circuit sky130_fd_sc_hd__inv_4 contains no devices.
Circuit sky130_fd_sc_hd__or3b_4 contains no devices.
Circuit sky130_fd_sc_hd__nor2_8 contains no devices.
Circuit sky130_fd_sc_hd__a21o_4 contains no devices.
Circuit sky130_fd_sc_hd__nand4b_4 contains no devices.
Circuit sky130_fd_sc_hd__nor3b_2 contains no devices.
Circuit sky130_fd_sc_hd__nand3b_4 contains no devices.

Contents of circuit 1:  Circuit: 'riscv32_singlecycle_top'
Circuit riscv32_singlecycle_top contains 105096 device instances.
  Class: sky130_fd_sc_hd__o2111ai_1 instances:   2
  Class: sky130_fd_sc_hd__a41o_1 instances:   1
  Class: sky130_fd_sc_hd__o2111ai_4 instances:   3
  Class: sky130_fd_sc_hd__a31o_1 instances:  74
  Class: sky130_fd_sc_hd__a31o_2 instances:   7
  Class: sky130_fd_sc_hd__a31o_4 instances:   2
  Class: sky130_fd_sc_hd__a21o_1 instances:  99
  Class: sky130_fd_sc_hd__a21o_2 instances:   3
  Class: sky130_fd_sc_hd__a21o_4 instances:   1
  Class: sky130_fd_sc_hd__o32ai_4 instances:   1
  Class: sky130_fd_sc_hd__clkbuf_16 instances:  10
  Class: sky130_fd_sc_hd__dfxtp_1 instances:   4
  Class: sky130_fd_sc_hd__o31ai_1 instances:   3
  Class: sky130_fd_sc_hd__dfxtp_4 instances:  28
  Class: sky130_fd_sc_hd__o31ai_2 instances:   3
  Class: sky130_fd_sc_hd__o31ai_4 instances:   2
  Class: sky130_fd_sc_hd__or4_1 instances:  14
  Class: sky130_fd_sc_hd__or4_2 instances:   2
  Class: sky130_fd_sc_hd__or4_4 instances:   6
  Class: sky130_fd_sc_hd__a31oi_1 instances:   3
  Class: sky130_fd_sc_hd__a31oi_2 instances:   2
  Class: sky130_fd_sc_hd__nand4_1 instances:   3
  Class: sky130_fd_sc_hd__buf_1 instances: 100
  Class: sky130_fd_sc_hd__buf_2 instances:  50
  Class: sky130_fd_sc_hd__nand4_4 instances:   2
  Class: sky130_fd_sc_hd__buf_4 instances: 232
  Class: sky130_fd_sc_hd__buf_6 instances:  55
  Class: sky130_fd_sc_hd__buf_8 instances:  32
  Class: sky130_fd_sc_hd__a2bb2o_1 instances:   8
  Class: sky130_fd_sc_hd__a2bb2o_2 instances:   2
  Class: sky130_fd_sc_hd__and3b_1 instances:   8
  Class: sky130_fd_sc_hd__and3b_2 instances:   1
  Class: sky130_fd_sc_hd__xor2_1 instances:  43
  Class: sky130_fd_sc_hd__xor2_2 instances:  12
  Class: sky130_fd_sc_hd__o221ai_1 instances:   1
  Class: sky130_fd_sc_hd__xor2_4 instances:   5
  Class: sky130_fd_sc_hd__mux4_1 instances:  50
  Class: sky130_fd_sc_hd__o221ai_4 instances:   2
  Class: sky130_fd_sc_hd__mux4_2 instances:  29
  Class: sky130_ef_sc_hd__decap_12 instances: 77104
  Class: sky130_fd_sc_hd__and4_1 instances:   9
  Class: sky130_fd_sc_hd__and4_2 instances:   5
  Class: sky130_fd_sc_hd__inv_2 instances:  71
  Class: sky130_fd_sc_hd__inv_4 instances:   1
  Class: sky130_fd_sc_hd__clkbuf_1 instances: 175
  Class: sky130_fd_sc_hd__clkbuf_2 instances: 147
  Class: sky130_fd_sc_hd__clkbuf_4 instances:  84
  Class: sky130_fd_sc_hd__clkbuf_8 instances:  37
  Class: sky130_fd_sc_hd__or3_1 instances:  27
  Class: sky130_fd_sc_hd__or3_2 instances:   2
  Class: sky130_fd_sc_hd__or3_4 instances:   4
  Class: sky130_fd_sc_hd__nand3_1 instances:  20
  Class: sky130_fd_sc_hd__nand3_2 instances:   2
  Class: sky130_fd_sc_hd__o21ba_1 instances:  10
  Class: sky130_fd_sc_hd__o21ba_2 instances:   2
  Class: sky130_fd_sc_hd__and2b_1 instances:  32
  Class: sky130_fd_sc_hd__and2b_2 instances:   2
  Class: sky130_fd_sc_hd__conb_1 instances: 134
  Class: sky130_fd_sc_hd__a21boi_1 instances:   8
  Class: sky130_fd_sc_hd__a21boi_2 instances:   4
  Class: sky130_fd_sc_hd__a21boi_4 instances:  64
  Class: sky130_fd_sc_hd__nand4b_1 instances:   2
  Class: sky130_fd_sc_hd__nand4b_4 instances:   1
  Class: sky130_fd_sc_hd__buf_12 instances:   8
  Class: sky130_fd_sc_hd__a21bo_1 instances:  12
  Class: sky130_fd_sc_hd__a221oi_4 instances:   1
  Class: sky130_fd_sc_hd__and3_1 instances:  35
  Class: sky130_fd_sc_hd__and3_2 instances:   4
  Class: sky130_fd_sc_hd__a2111o_1 instances:   4
  Class: sky130_fd_sc_hd__decap_3 instances: 3631
  Class: sky130_fd_sc_hd__decap_4 instances: 1239
  Class: sky130_fd_sc_hd__decap_6 instances: 17321
  Class: sky130_fd_sc_hd__decap_8 instances: 1635
  Class: sky130_fd_sc_hd__or2_1 instances: 154
  Class: sky130_fd_sc_hd__or2_2 instances:  15
  Class: sky130_fd_sc_hd__a2111oi_1 instances:   1
  Class: sky130_fd_sc_hd__or2_4 instances:   2
  Class: sky130_fd_sc_hd__nand2_1 instances: 223
  Class: sky130_fd_sc_hd__nand2_2 instances:  44
  Class: sky130_fd_sc_hd__nand2_4 instances:   1
  Class: sky130_fd_sc_hd__nor4b_1 instances:   2
  Class: sky130_fd_sc_hd__nand2_8 instances:   1
  Class: sky130_fd_sc_hd__mux2_1 instances: 165
  Class: sky130_fd_sc_hd__nand3b_4 instances:   1
  Class: sky130_fd_sc_hd__mux2_2 instances:  11
  Class: sky130_fd_sc_hd__mux2_4 instances:   9
  Class: sky130_fd_sc_hd__a211oi_1 instances:   3
  Class: sky130_fd_sc_hd__and2_1 instances: 142
  Class: sky130_fd_sc_hd__and2_2 instances:  14
  Class: sky130_fd_sc_hd__a211oi_2 instances:   3
  Class: sky130_fd_sc_hd__and2_4 instances:   2
  Class: sky130_fd_sc_hd__or4b_1 instances:   6
  Class: sky130_fd_sc_hd__or4b_2 instances:   2
  Class: sky130_fd_sc_hd__nor4_1 instances:   1
  Class: sky130_fd_sc_hd__nor4_2 instances:   1
  Class: sky130_fd_sc_hd__o32a_1 instances:   3
  Class: sky130_fd_sc_hd__o22a_1 instances:  16
  Class: sky130_fd_sc_hd__o22a_2 instances:   2
  Class: sky130_fd_sc_hd__xnor2_1 instances:  76
  Class: sky130_fd_sc_hd__xnor2_2 instances:  13
  Class: sky130_fd_sc_hd__xnor2_4 instances:   4
  Class: sky130_fd_sc_hd__nor3b_1 instances:   1
  Class: sky130_fd_sc_hd__nor3b_2 instances:   1
  Class: sky130_fd_sc_hd__nor3b_4 instances:   3
  Class: sky130_fd_sc_hd__o221a_1 instances:  19
  Class: sky130_fd_sc_hd__o221a_2 instances:   1
  Class: sky130_fd_sc_hd__o21bai_1 instances:   4
  Class: sky130_fd_sc_hd__o21bai_2 instances:   1
  Class: sky130_fd_sc_hd__o211a_1 instances:  33
  Class: sky130_fd_sc_hd__o211a_2 instances:   3
  Class: sky130_fd_sc_hd__nand2b_2 instances:   3
  Class: sky130_fd_sc_hd__a311oi_1 instances:   1
  Class: sky130_fd_sc_hd__diode_2 instances: 555
  Class: sky130_fd_sc_hd__a221o_1 instances:  12
  Class: sky130_fd_sc_hd__a221o_2 instances:   2
  Class: sky130_fd_sc_hd__a221o_4 instances:   1
  Class: sky130_fd_sc_hd__a211o_1 instances:  30
  Class: sky130_fd_sc_hd__a211o_2 instances:   9
  Class: sky130_fd_sc_hd__a211o_4 instances:  33
  Class: sky130_fd_sc_hd__o2111a_1 instances:   2
  Class: sky130_fd_sc_hd__or3b_1 instances:  12
  Class: sky130_fd_sc_hd__or3b_2 instances:   1
  Class: sky130_fd_sc_hd__or3b_4 instances:   1
  Class: sky130_fd_sc_hd__dlymetal6s2s_1 instances:  11
  Class: sky130_fd_sc_hd__or4bb_1 instances:   1
  Class: sky130_fd_sc_hd__or4bb_2 instances:   1
  Class: sky130_fd_sc_hd__nor3_1 instances:   6
  Class: sky130_fd_sc_hd__nor3_2 instances:   5
  Class: sky130_fd_sc_hd__or4bb_4 instances:   4
  Class: sky130_fd_sc_hd__a32o_1 instances:   3
  Class: sky130_fd_sc_hd__a32o_2 instances:   1
  Class: sky130_fd_sc_hd__o41a_1 instances:   6
  Class: sky130_fd_sc_hd__dlygate4sd1_1 instances:   1
  Class: sky130_fd_sc_hd__a22o_1 instances:  71
  Class: sky130_fd_sc_hd__a22o_2 instances:  20
  Class: sky130_fd_sc_hd__a22o_4 instances:  14
  Class: sky130_fd_sc_hd__o31a_1 instances:   8
  Class: sky130_fd_sc_hd__o31a_2 instances:   2
  Class: sky130_fd_sc_hd__o2bb2a_1 instances:  11
  Class: sky130_fd_sc_hd__o2bb2a_2 instances:   2
  Class: sky130_fd_sc_hd__o21a_1 instances:  56
  Class: sky130_fd_sc_hd__o21a_2 instances:   6
  Class: sky130_fd_sc_hd__o311a_1 instances:   3
  Class: sky130_fd_sc_hd__o22ai_1 instances:   1
  Class: sky130_fd_sc_hd__nor2b_1 instances:   1
  Class: sky130_fd_sc_hd__a22oi_1 instances:   3
  Class: sky130_fd_sc_hd__and4b_1 instances:   3
  Class: sky130_fd_sc_hd__and4b_2 instances:   1
  Class: sky130_fd_sc_hd__a22oi_4 instances:   2
  Class: sky130_fd_sc_hd__o21ai_1 instances:  56
  Class: sky130_fd_sc_hd__o21ai_2 instances:  11
  Class: sky130_fd_sc_hd__o21ai_4 instances:   3
  Class: sky130_fd_sc_hd__a21oi_1 instances:  97
  Class: sky130_fd_sc_hd__a21oi_2 instances:  15
  Class: sky130_fd_sc_hd__a311o_1 instances:   6
  Class: sky130_fd_sc_hd__a21oi_4 instances:   6
  Class: sky130_fd_sc_hd__a311o_2 instances:   3
  Class: sky130_fd_sc_hd__o211ai_1 instances:   1
  Class: sky130_fd_sc_hd__o211ai_2 instances:   2
  Class: sky130_fd_sc_hd__o211ai_4 instances:   5
  Class: sky130_fd_sc_hd__or2b_1 instances:  42
  Class: sky130_fd_sc_hd__or2b_2 instances:   1
  Class: sky130_fd_sc_hd__and4bb_1 instances:   7
  Class: sky130_fd_sc_hd__and4bb_2 instances:   2
  Class: sky130_fd_sc_hd__nor2_1 instances: 178
  Class: sky130_fd_sc_hd__nor2_2 instances:  20
  Class: sky130_fd_sc_hd__nor2_4 instances:   9
  Class: sky130_fd_sc_hd__nor2_8 instances:   2
Circuit contains 4011 nets.
Contents of circuit 2:  Circuit: 'riscv32_singlecycle_top'
Circuit riscv32_singlecycle_top contains 105096 device instances.
  Class: sky130_fd_sc_hd__o2111ai_1 instances:   2
  Class: sky130_fd_sc_hd__a41o_1 instances:   1
  Class: sky130_fd_sc_hd__o2111ai_4 instances:   3
  Class: sky130_fd_sc_hd__a31o_1 instances:  74
  Class: sky130_fd_sc_hd__a31o_2 instances:   7
  Class: sky130_fd_sc_hd__a31o_4 instances:   2
  Class: sky130_fd_sc_hd__a21o_1 instances:  99
  Class: sky130_fd_sc_hd__a21o_2 instances:   3
  Class: sky130_fd_sc_hd__a21o_4 instances:   1
  Class: sky130_fd_sc_hd__o32ai_4 instances:   1
  Class: sky130_fd_sc_hd__clkbuf_16 instances:  10
  Class: sky130_fd_sc_hd__dfxtp_1 instances:   4
  Class: sky130_fd_sc_hd__dfxtp_4 instances:  28
  Class: sky130_fd_sc_hd__o31ai_1 instances:   3
  Class: sky130_fd_sc_hd__o31ai_2 instances:   3
  Class: sky130_fd_sc_hd__o31ai_4 instances:   2
  Class: sky130_fd_sc_hd__or4_1 instances:  14
  Class: sky130_fd_sc_hd__or4_2 instances:   2
  Class: sky130_fd_sc_hd__or4_4 instances:   6
  Class: sky130_fd_sc_hd__a31oi_1 instances:   3
  Class: sky130_fd_sc_hd__a31oi_2 instances:   2
  Class: sky130_fd_sc_hd__nand4_1 instances:   3
  Class: sky130_fd_sc_hd__buf_1 instances: 100
  Class: sky130_fd_sc_hd__buf_2 instances:  50
  Class: sky130_fd_sc_hd__nand4_4 instances:   2
  Class: sky130_fd_sc_hd__buf_4 instances: 232
  Class: sky130_fd_sc_hd__buf_6 instances:  55
  Class: sky130_fd_sc_hd__buf_8 instances:  32
  Class: sky130_fd_sc_hd__a2bb2o_1 instances:   8
  Class: sky130_fd_sc_hd__a2bb2o_2 instances:   2
  Class: sky130_fd_sc_hd__and3b_1 instances:   8
  Class: sky130_fd_sc_hd__and3b_2 instances:   1
  Class: sky130_fd_sc_hd__xor2_1 instances:  43
  Class: sky130_fd_sc_hd__xor2_2 instances:  12
  Class: sky130_fd_sc_hd__o221ai_1 instances:   1
  Class: sky130_fd_sc_hd__xor2_4 instances:   5
  Class: sky130_fd_sc_hd__mux4_1 instances:  50
  Class: sky130_fd_sc_hd__o221ai_4 instances:   2
  Class: sky130_fd_sc_hd__mux4_2 instances:  29
  Class: sky130_ef_sc_hd__decap_12 instances: 77104
  Class: sky130_fd_sc_hd__and4_1 instances:   9
  Class: sky130_fd_sc_hd__and4_2 instances:   5
  Class: sky130_fd_sc_hd__inv_2 instances:  71
  Class: sky130_fd_sc_hd__inv_4 instances:   1
  Class: sky130_fd_sc_hd__clkbuf_1 instances: 175
  Class: sky130_fd_sc_hd__clkbuf_2 instances: 147
  Class: sky130_fd_sc_hd__clkbuf_4 instances:  84
  Class: sky130_fd_sc_hd__clkbuf_8 instances:  37
  Class: sky130_fd_sc_hd__or3_1 instances:  27
  Class: sky130_fd_sc_hd__or3_2 instances:   2
  Class: sky130_fd_sc_hd__or3_4 instances:   4
  Class: sky130_fd_sc_hd__nand3_1 instances:  20
  Class: sky130_fd_sc_hd__nand3_2 instances:   2
  Class: sky130_fd_sc_hd__o21ba_1 instances:  10
  Class: sky130_fd_sc_hd__o21ba_2 instances:   2
  Class: sky130_fd_sc_hd__and2b_1 instances:  32
  Class: sky130_fd_sc_hd__and2b_2 instances:   2
  Class: sky130_fd_sc_hd__conb_1 instances: 134
  Class: sky130_fd_sc_hd__a21boi_1 instances:   8
  Class: sky130_fd_sc_hd__a21boi_2 instances:   4
  Class: sky130_fd_sc_hd__a21boi_4 instances:  64
  Class: sky130_fd_sc_hd__nand4b_1 instances:   2
  Class: sky130_fd_sc_hd__nand4b_4 instances:   1
  Class: sky130_fd_sc_hd__buf_12 instances:   8
  Class: sky130_fd_sc_hd__a21bo_1 instances:  12
  Class: sky130_fd_sc_hd__a221oi_4 instances:   1
  Class: sky130_fd_sc_hd__and3_1 instances:  35
  Class: sky130_fd_sc_hd__and3_2 instances:   4
  Class: sky130_fd_sc_hd__a2111o_1 instances:   4
  Class: sky130_fd_sc_hd__decap_3 instances: 3631
  Class: sky130_fd_sc_hd__decap_4 instances: 1239
  Class: sky130_fd_sc_hd__decap_6 instances: 17321
  Class: sky130_fd_sc_hd__decap_8 instances: 1635
  Class: sky130_fd_sc_hd__or2_1 instances: 154
  Class: sky130_fd_sc_hd__or2_2 instances:  15
  Class: sky130_fd_sc_hd__a2111oi_1 instances:   1
  Class: sky130_fd_sc_hd__or2_4 instances:   2
  Class: sky130_fd_sc_hd__nand2_1 instances: 223
  Class: sky130_fd_sc_hd__nand2_2 instances:  44
  Class: sky130_fd_sc_hd__nand2_4 instances:   1
  Class: sky130_fd_sc_hd__nor4b_1 instances:   2
  Class: sky130_fd_sc_hd__nand2_8 instances:   1
  Class: sky130_fd_sc_hd__mux2_1 instances: 165
  Class: sky130_fd_sc_hd__nand3b_4 instances:   1
  Class: sky130_fd_sc_hd__mux2_2 instances:  11
  Class: sky130_fd_sc_hd__mux2_4 instances:   9
  Class: sky130_fd_sc_hd__a211oi_1 instances:   3
  Class: sky130_fd_sc_hd__and2_1 instances: 142
  Class: sky130_fd_sc_hd__a211oi_2 instances:   3
  Class: sky130_fd_sc_hd__and2_2 instances:  14
  Class: sky130_fd_sc_hd__and2_4 instances:   2
  Class: sky130_fd_sc_hd__or4b_1 instances:   6
  Class: sky130_fd_sc_hd__or4b_2 instances:   2
  Class: sky130_fd_sc_hd__nor4_1 instances:   1
  Class: sky130_fd_sc_hd__nor4_2 instances:   1
  Class: sky130_fd_sc_hd__o32a_1 instances:   3
  Class: sky130_fd_sc_hd__o22a_1 instances:  16
  Class: sky130_fd_sc_hd__o22a_2 instances:   2
  Class: sky130_fd_sc_hd__xnor2_1 instances:  76
  Class: sky130_fd_sc_hd__xnor2_2 instances:  13
  Class: sky130_fd_sc_hd__xnor2_4 instances:   4
  Class: sky130_fd_sc_hd__nor3b_1 instances:   1
  Class: sky130_fd_sc_hd__nor3b_2 instances:   1
  Class: sky130_fd_sc_hd__nor3b_4 instances:   3
  Class: sky130_fd_sc_hd__o221a_1 instances:  19
  Class: sky130_fd_sc_hd__o221a_2 instances:   1
  Class: sky130_fd_sc_hd__o21bai_1 instances:   4
  Class: sky130_fd_sc_hd__o21bai_2 instances:   1
  Class: sky130_fd_sc_hd__o211a_1 instances:  33
  Class: sky130_fd_sc_hd__o211a_2 instances:   3
  Class: sky130_fd_sc_hd__nand2b_2 instances:   3
  Class: sky130_fd_sc_hd__a311oi_1 instances:   1
  Class: sky130_fd_sc_hd__diode_2 instances: 555
  Class: sky130_fd_sc_hd__a221o_1 instances:  12
  Class: sky130_fd_sc_hd__a221o_2 instances:   2
  Class: sky130_fd_sc_hd__a221o_4 instances:   1
  Class: sky130_fd_sc_hd__a211o_1 instances:  30
  Class: sky130_fd_sc_hd__a211o_2 instances:   9
  Class: sky130_fd_sc_hd__a211o_4 instances:  33
  Class: sky130_fd_sc_hd__o2111a_1 instances:   2
  Class: sky130_fd_sc_hd__or3b_1 instances:  12
  Class: sky130_fd_sc_hd__or3b_2 instances:   1
  Class: sky130_fd_sc_hd__or3b_4 instances:   1
  Class: sky130_fd_sc_hd__dlymetal6s2s_1 instances:  11
  Class: sky130_fd_sc_hd__or4bb_1 instances:   1
  Class: sky130_fd_sc_hd__or4bb_2 instances:   1
  Class: sky130_fd_sc_hd__nor3_1 instances:   6
  Class: sky130_fd_sc_hd__nor3_2 instances:   5
  Class: sky130_fd_sc_hd__or4bb_4 instances:   4
  Class: sky130_fd_sc_hd__a32o_1 instances:   3
  Class: sky130_fd_sc_hd__a32o_2 instances:   1
  Class: sky130_fd_sc_hd__o41a_1 instances:   6
  Class: sky130_fd_sc_hd__dlygate4sd1_1 instances:   1
  Class: sky130_fd_sc_hd__a22o_1 instances:  71
  Class: sky130_fd_sc_hd__a22o_2 instances:  20
  Class: sky130_fd_sc_hd__a22o_4 instances:  14
  Class: sky130_fd_sc_hd__o31a_1 instances:   8
  Class: sky130_fd_sc_hd__o31a_2 instances:   2
  Class: sky130_fd_sc_hd__o2bb2a_1 instances:  11
  Class: sky130_fd_sc_hd__o2bb2a_2 instances:   2
  Class: sky130_fd_sc_hd__o21a_1 instances:  56
  Class: sky130_fd_sc_hd__o21a_2 instances:   6
  Class: sky130_fd_sc_hd__o311a_1 instances:   3
  Class: sky130_fd_sc_hd__o22ai_1 instances:   1
  Class: sky130_fd_sc_hd__nor2b_1 instances:   1
  Class: sky130_fd_sc_hd__a22oi_1 instances:   3
  Class: sky130_fd_sc_hd__and4b_1 instances:   3
  Class: sky130_fd_sc_hd__a22oi_4 instances:   2
  Class: sky130_fd_sc_hd__o21ai_1 instances:  56
  Class: sky130_fd_sc_hd__and4b_2 instances:   1
  Class: sky130_fd_sc_hd__o21ai_2 instances:  11
  Class: sky130_fd_sc_hd__o21ai_4 instances:   3
  Class: sky130_fd_sc_hd__a21oi_1 instances:  97
  Class: sky130_fd_sc_hd__a21oi_2 instances:  15
  Class: sky130_fd_sc_hd__a21oi_4 instances:   6
  Class: sky130_fd_sc_hd__a311o_1 instances:   6
  Class: sky130_fd_sc_hd__a311o_2 instances:   3
  Class: sky130_fd_sc_hd__o211ai_1 instances:   1
  Class: sky130_fd_sc_hd__o211ai_2 instances:   2
  Class: sky130_fd_sc_hd__o211ai_4 instances:   5
  Class: sky130_fd_sc_hd__or2b_1 instances:  42
  Class: sky130_fd_sc_hd__or2b_2 instances:   1
  Class: sky130_fd_sc_hd__and4bb_1 instances:   7
  Class: sky130_fd_sc_hd__and4bb_2 instances:   2
  Class: sky130_fd_sc_hd__nor2_1 instances: 178
  Class: sky130_fd_sc_hd__nor2_2 instances:  20
  Class: sky130_fd_sc_hd__nor2_4 instances:   9
  Class: sky130_fd_sc_hd__nor2_8 instances:   2
Circuit contains 4005 nets.

Circuit was modified by parallel/series device merging.
New circuit summary:

Contents of circuit 1:  Circuit: 'riscv32_singlecycle_top'
Circuit riscv32_singlecycle_top contains 3664 device instances.
  Class: sky130_fd_sc_hd__o2111ai_1 instances:   2
  Class: sky130_fd_sc_hd__a41o_1 instances:   1
  Class: sky130_fd_sc_hd__o2111ai_4 instances:   3
  Class: sky130_fd_sc_hd__a31o_1 instances:  74
  Class: sky130_fd_sc_hd__a31o_2 instances:   7
  Class: sky130_fd_sc_hd__a31o_4 instances:   2
  Class: sky130_fd_sc_hd__a21o_1 instances:  99
  Class: sky130_fd_sc_hd__a21o_2 instances:   3
  Class: sky130_fd_sc_hd__a21o_4 instances:   1
  Class: sky130_fd_sc_hd__o32ai_4 instances:   1
  Class: sky130_fd_sc_hd__clkbuf_16 instances:  10
  Class: sky130_fd_sc_hd__dfxtp_1 instances:   4
  Class: sky130_fd_sc_hd__o31ai_1 instances:   3
  Class: sky130_fd_sc_hd__dfxtp_4 instances:  28
  Class: sky130_fd_sc_hd__o31ai_2 instances:   3
  Class: sky130_fd_sc_hd__o31ai_4 instances:   2
  Class: sky130_fd_sc_hd__or4_1 instances:  14
  Class: sky130_fd_sc_hd__or4_2 instances:   2
  Class: sky130_fd_sc_hd__or4_4 instances:   6
  Class: sky130_fd_sc_hd__a31oi_1 instances:   3
  Class: sky130_fd_sc_hd__a31oi_2 instances:   2
  Class: sky130_fd_sc_hd__nand4_1 instances:   3
  Class: sky130_fd_sc_hd__buf_1 instances: 100
  Class: sky130_fd_sc_hd__buf_2 instances:  50
  Class: sky130_fd_sc_hd__nand4_4 instances:   2
  Class: sky130_fd_sc_hd__buf_4 instances: 232
  Class: sky130_fd_sc_hd__buf_6 instances:  55
  Class: sky130_fd_sc_hd__buf_8 instances:  32
  Class: sky130_fd_sc_hd__a2bb2o_1 instances:   8
  Class: sky130_fd_sc_hd__a2bb2o_2 instances:   2
  Class: sky130_fd_sc_hd__and3b_1 instances:   8
  Class: sky130_fd_sc_hd__and3b_2 instances:   1
  Class: sky130_fd_sc_hd__xor2_1 instances:  43
  Class: sky130_fd_sc_hd__xor2_2 instances:  12
  Class: sky130_fd_sc_hd__o221ai_1 instances:   1
  Class: sky130_fd_sc_hd__xor2_4 instances:   5
  Class: sky130_fd_sc_hd__mux4_1 instances:  50
  Class: sky130_fd_sc_hd__o221ai_4 instances:   2
  Class: sky130_fd_sc_hd__mux4_2 instances:  29
  Class: sky130_ef_sc_hd__decap_12 instances:   1
  Class: sky130_fd_sc_hd__and4_1 instances:   9
  Class: sky130_fd_sc_hd__and4_2 instances:   5
  Class: sky130_fd_sc_hd__inv_2 instances:  71
  Class: sky130_fd_sc_hd__inv_4 instances:   1
  Class: sky130_fd_sc_hd__clkbuf_1 instances: 175
  Class: sky130_fd_sc_hd__clkbuf_2 instances: 147
  Class: sky130_fd_sc_hd__clkbuf_4 instances:  84
  Class: sky130_fd_sc_hd__clkbuf_8 instances:  37
  Class: sky130_fd_sc_hd__or3_1 instances:  27
  Class: sky130_fd_sc_hd__or3_2 instances:   2
  Class: sky130_fd_sc_hd__or3_4 instances:   4
  Class: sky130_fd_sc_hd__nand3_1 instances:  20
  Class: sky130_fd_sc_hd__nand3_2 instances:   2
  Class: sky130_fd_sc_hd__o21ba_1 instances:  10
  Class: sky130_fd_sc_hd__o21ba_2 instances:   2
  Class: sky130_fd_sc_hd__and2b_1 instances:  32
  Class: sky130_fd_sc_hd__and2b_2 instances:   2
  Class: sky130_fd_sc_hd__conb_1 instances: 134
  Class: sky130_fd_sc_hd__a21boi_1 instances:   8
  Class: sky130_fd_sc_hd__a21boi_2 instances:   4
  Class: sky130_fd_sc_hd__a21boi_4 instances:  64
  Class: sky130_fd_sc_hd__nand4b_1 instances:   2
  Class: sky130_fd_sc_hd__nand4b_4 instances:   1
  Class: sky130_fd_sc_hd__buf_12 instances:   8
  Class: sky130_fd_sc_hd__a21bo_1 instances:  12
  Class: sky130_fd_sc_hd__a221oi_4 instances:   1
  Class: sky130_fd_sc_hd__and3_1 instances:  35
  Class: sky130_fd_sc_hd__and3_2 instances:   4
  Class: sky130_fd_sc_hd__a2111o_1 instances:   4
  Class: sky130_fd_sc_hd__decap_3 instances:   1
  Class: sky130_fd_sc_hd__decap_4 instances:   1
  Class: sky130_fd_sc_hd__decap_6 instances:   1
  Class: sky130_fd_sc_hd__decap_8 instances:   1
  Class: sky130_fd_sc_hd__or2_1 instances: 154
  Class: sky130_fd_sc_hd__or2_2 instances:  15
  Class: sky130_fd_sc_hd__a2111oi_1 instances:   1
  Class: sky130_fd_sc_hd__or2_4 instances:   2
  Class: sky130_fd_sc_hd__nand2_1 instances: 223
  Class: sky130_fd_sc_hd__nand2_2 instances:  44
  Class: sky130_fd_sc_hd__nand2_4 instances:   1
  Class: sky130_fd_sc_hd__nor4b_1 instances:   2
  Class: sky130_fd_sc_hd__nand2_8 instances:   1
  Class: sky130_fd_sc_hd__mux2_1 instances: 165
  Class: sky130_fd_sc_hd__nand3b_4 instances:   1
  Class: sky130_fd_sc_hd__mux2_2 instances:  11
  Class: sky130_fd_sc_hd__mux2_4 instances:   9
  Class: sky130_fd_sc_hd__a211oi_1 instances:   3
  Class: sky130_fd_sc_hd__and2_1 instances: 142
  Class: sky130_fd_sc_hd__and2_2 instances:  14
  Class: sky130_fd_sc_hd__a211oi_2 instances:   3
  Class: sky130_fd_sc_hd__and2_4 instances:   2
  Class: sky130_fd_sc_hd__or4b_1 instances:   6
  Class: sky130_fd_sc_hd__or4b_2 instances:   2
  Class: sky130_fd_sc_hd__nor4_1 instances:   1
  Class: sky130_fd_sc_hd__nor4_2 instances:   1
  Class: sky130_fd_sc_hd__o32a_1 instances:   3
  Class: sky130_fd_sc_hd__o22a_1 instances:  16
  Class: sky130_fd_sc_hd__o22a_2 instances:   2
  Class: sky130_fd_sc_hd__xnor2_1 instances:  76
  Class: sky130_fd_sc_hd__xnor2_2 instances:  13
  Class: sky130_fd_sc_hd__xnor2_4 instances:   4
  Class: sky130_fd_sc_hd__nor3b_1 instances:   1
  Class: sky130_fd_sc_hd__nor3b_2 instances:   1
  Class: sky130_fd_sc_hd__nor3b_4 instances:   3
  Class: sky130_fd_sc_hd__o221a_1 instances:  19
  Class: sky130_fd_sc_hd__o221a_2 instances:   1
  Class: sky130_fd_sc_hd__o21bai_1 instances:   4
  Class: sky130_fd_sc_hd__o21bai_2 instances:   1
  Class: sky130_fd_sc_hd__o211a_1 instances:  33
  Class: sky130_fd_sc_hd__o211a_2 instances:   3
  Class: sky130_fd_sc_hd__nand2b_2 instances:   3
  Class: sky130_fd_sc_hd__a311oi_1 instances:   1
  Class: sky130_fd_sc_hd__diode_2 instances:  48
  Class: sky130_fd_sc_hd__a221o_1 instances:  12
  Class: sky130_fd_sc_hd__a221o_2 instances:   2
  Class: sky130_fd_sc_hd__a221o_4 instances:   1
  Class: sky130_fd_sc_hd__a211o_1 instances:  30
  Class: sky130_fd_sc_hd__a211o_2 instances:   9
  Class: sky130_fd_sc_hd__a211o_4 instances:  33
  Class: sky130_fd_sc_hd__o2111a_1 instances:   2
  Class: sky130_fd_sc_hd__or3b_1 instances:  12
  Class: sky130_fd_sc_hd__or3b_2 instances:   1
  Class: sky130_fd_sc_hd__or3b_4 instances:   1
  Class: sky130_fd_sc_hd__dlymetal6s2s_1 instances:  11
  Class: sky130_fd_sc_hd__or4bb_1 instances:   1
  Class: sky130_fd_sc_hd__or4bb_2 instances:   1
  Class: sky130_fd_sc_hd__nor3_1 instances:   6
  Class: sky130_fd_sc_hd__nor3_2 instances:   5
  Class: sky130_fd_sc_hd__or4bb_4 instances:   4
  Class: sky130_fd_sc_hd__a32o_1 instances:   3
  Class: sky130_fd_sc_hd__a32o_2 instances:   1
  Class: sky130_fd_sc_hd__o41a_1 instances:   6
  Class: sky130_fd_sc_hd__dlygate4sd1_1 instances:   1
  Class: sky130_fd_sc_hd__a22o_1 instances:  71
  Class: sky130_fd_sc_hd__a22o_2 instances:  20
  Class: sky130_fd_sc_hd__a22o_4 instances:  14
  Class: sky130_fd_sc_hd__o31a_1 instances:   8
  Class: sky130_fd_sc_hd__o31a_2 instances:   2
  Class: sky130_fd_sc_hd__o2bb2a_1 instances:  11
  Class: sky130_fd_sc_hd__o2bb2a_2 instances:   2
  Class: sky130_fd_sc_hd__o21a_1 instances:  56
  Class: sky130_fd_sc_hd__o21a_2 instances:   6
  Class: sky130_fd_sc_hd__o311a_1 instances:   3
  Class: sky130_fd_sc_hd__o22ai_1 instances:   1
  Class: sky130_fd_sc_hd__nor2b_1 instances:   1
  Class: sky130_fd_sc_hd__a22oi_1 instances:   3
  Class: sky130_fd_sc_hd__and4b_1 instances:   3
  Class: sky130_fd_sc_hd__and4b_2 instances:   1
  Class: sky130_fd_sc_hd__a22oi_4 instances:   2
  Class: sky130_fd_sc_hd__o21ai_1 instances:  56
  Class: sky130_fd_sc_hd__o21ai_2 instances:  11
  Class: sky130_fd_sc_hd__o21ai_4 instances:   3
  Class: sky130_fd_sc_hd__a21oi_1 instances:  97
  Class: sky130_fd_sc_hd__a21oi_2 instances:  15
  Class: sky130_fd_sc_hd__a311o_1 instances:   6
  Class: sky130_fd_sc_hd__a21oi_4 instances:   6
  Class: sky130_fd_sc_hd__a311o_2 instances:   3
  Class: sky130_fd_sc_hd__o211ai_1 instances:   1
  Class: sky130_fd_sc_hd__o211ai_2 instances:   2
  Class: sky130_fd_sc_hd__o211ai_4 instances:   5
  Class: sky130_fd_sc_hd__or2b_1 instances:  42
  Class: sky130_fd_sc_hd__or2b_2 instances:   1
  Class: sky130_fd_sc_hd__and4bb_1 instances:   7
  Class: sky130_fd_sc_hd__and4bb_2 instances:   2
  Class: sky130_fd_sc_hd__nor2_1 instances: 178
  Class: sky130_fd_sc_hd__nor2_2 instances:  20
  Class: sky130_fd_sc_hd__nor2_4 instances:   9
  Class: sky130_fd_sc_hd__nor2_8 instances:   2
Circuit contains 4011 nets.
Contents of circuit 2:  Circuit: 'riscv32_singlecycle_top'
Circuit riscv32_singlecycle_top contains 3664 device instances.
  Class: sky130_fd_sc_hd__o2111ai_1 instances:   2
  Class: sky130_fd_sc_hd__a41o_1 instances:   1
  Class: sky130_fd_sc_hd__o2111ai_4 instances:   3
  Class: sky130_fd_sc_hd__a31o_1 instances:  74
  Class: sky130_fd_sc_hd__a31o_2 instances:   7
  Class: sky130_fd_sc_hd__a31o_4 instances:   2
  Class: sky130_fd_sc_hd__a21o_1 instances:  99
  Class: sky130_fd_sc_hd__a21o_2 instances:   3
  Class: sky130_fd_sc_hd__a21o_4 instances:   1
  Class: sky130_fd_sc_hd__o32ai_4 instances:   1
  Class: sky130_fd_sc_hd__clkbuf_16 instances:  10
  Class: sky130_fd_sc_hd__dfxtp_1 instances:   4
  Class: sky130_fd_sc_hd__dfxtp_4 instances:  28
  Class: sky130_fd_sc_hd__o31ai_1 instances:   3
  Class: sky130_fd_sc_hd__o31ai_2 instances:   3
  Class: sky130_fd_sc_hd__o31ai_4 instances:   2
  Class: sky130_fd_sc_hd__or4_1 instances:  14
  Class: sky130_fd_sc_hd__or4_2 instances:   2
  Class: sky130_fd_sc_hd__or4_4 instances:   6
  Class: sky130_fd_sc_hd__a31oi_1 instances:   3
  Class: sky130_fd_sc_hd__a31oi_2 instances:   2
  Class: sky130_fd_sc_hd__nand4_1 instances:   3
  Class: sky130_fd_sc_hd__buf_1 instances: 100
  Class: sky130_fd_sc_hd__buf_2 instances:  50
  Class: sky130_fd_sc_hd__nand4_4 instances:   2
  Class: sky130_fd_sc_hd__buf_4 instances: 232
  Class: sky130_fd_sc_hd__buf_6 instances:  55
  Class: sky130_fd_sc_hd__buf_8 instances:  32
  Class: sky130_fd_sc_hd__a2bb2o_1 instances:   8
  Class: sky130_fd_sc_hd__a2bb2o_2 instances:   2
  Class: sky130_fd_sc_hd__and3b_1 instances:   8
  Class: sky130_fd_sc_hd__and3b_2 instances:   1
  Class: sky130_fd_sc_hd__xor2_1 instances:  43
  Class: sky130_fd_sc_hd__xor2_2 instances:  12
  Class: sky130_fd_sc_hd__o221ai_1 instances:   1
  Class: sky130_fd_sc_hd__xor2_4 instances:   5
  Class: sky130_fd_sc_hd__mux4_1 instances:  50
  Class: sky130_fd_sc_hd__o221ai_4 instances:   2
  Class: sky130_fd_sc_hd__mux4_2 instances:  29
  Class: sky130_ef_sc_hd__decap_12 instances:   1
  Class: sky130_fd_sc_hd__and4_1 instances:   9
  Class: sky130_fd_sc_hd__and4_2 instances:   5
  Class: sky130_fd_sc_hd__inv_2 instances:  71
  Class: sky130_fd_sc_hd__inv_4 instances:   1
  Class: sky130_fd_sc_hd__clkbuf_1 instances: 175
  Class: sky130_fd_sc_hd__clkbuf_2 instances: 147
  Class: sky130_fd_sc_hd__clkbuf_4 instances:  84
  Class: sky130_fd_sc_hd__clkbuf_8 instances:  37
  Class: sky130_fd_sc_hd__or3_1 instances:  27
  Class: sky130_fd_sc_hd__or3_2 instances:   2
  Class: sky130_fd_sc_hd__or3_4 instances:   4
  Class: sky130_fd_sc_hd__nand3_1 instances:  20
  Class: sky130_fd_sc_hd__nand3_2 instances:   2
  Class: sky130_fd_sc_hd__o21ba_1 instances:  10
  Class: sky130_fd_sc_hd__o21ba_2 instances:   2
  Class: sky130_fd_sc_hd__and2b_1 instances:  32
  Class: sky130_fd_sc_hd__and2b_2 instances:   2
  Class: sky130_fd_sc_hd__conb_1 instances: 134
  Class: sky130_fd_sc_hd__a21boi_1 instances:   8
  Class: sky130_fd_sc_hd__a21boi_2 instances:   4
  Class: sky130_fd_sc_hd__a21boi_4 instances:  64
  Class: sky130_fd_sc_hd__nand4b_1 instances:   2
  Class: sky130_fd_sc_hd__nand4b_4 instances:   1
  Class: sky130_fd_sc_hd__buf_12 instances:   8
  Class: sky130_fd_sc_hd__a21bo_1 instances:  12
  Class: sky130_fd_sc_hd__a221oi_4 instances:   1
  Class: sky130_fd_sc_hd__and3_1 instances:  35
  Class: sky130_fd_sc_hd__and3_2 instances:   4
  Class: sky130_fd_sc_hd__a2111o_1 instances:   4
  Class: sky130_fd_sc_hd__decap_3 instances:   1
  Class: sky130_fd_sc_hd__decap_4 instances:   1
  Class: sky130_fd_sc_hd__decap_6 instances:   1
  Class: sky130_fd_sc_hd__decap_8 instances:   1
  Class: sky130_fd_sc_hd__or2_1 instances: 154
  Class: sky130_fd_sc_hd__or2_2 instances:  15
  Class: sky130_fd_sc_hd__a2111oi_1 instances:   1
  Class: sky130_fd_sc_hd__or2_4 instances:   2
  Class: sky130_fd_sc_hd__nand2_1 instances: 223
  Class: sky130_fd_sc_hd__nand2_2 instances:  44
  Class: sky130_fd_sc_hd__nand2_4 instances:   1
  Class: sky130_fd_sc_hd__nor4b_1 instances:   2
  Class: sky130_fd_sc_hd__nand2_8 instances:   1
  Class: sky130_fd_sc_hd__mux2_1 instances: 165
  Class: sky130_fd_sc_hd__nand3b_4 instances:   1
  Class: sky130_fd_sc_hd__mux2_2 instances:  11
  Class: sky130_fd_sc_hd__mux2_4 instances:   9
  Class: sky130_fd_sc_hd__a211oi_1 instances:   3
  Class: sky130_fd_sc_hd__and2_1 instances: 142
  Class: sky130_fd_sc_hd__a211oi_2 instances:   3
  Class: sky130_fd_sc_hd__and2_2 instances:  14
  Class: sky130_fd_sc_hd__and2_4 instances:   2
  Class: sky130_fd_sc_hd__or4b_1 instances:   6
  Class: sky130_fd_sc_hd__or4b_2 instances:   2
  Class: sky130_fd_sc_hd__nor4_1 instances:   1
  Class: sky130_fd_sc_hd__nor4_2 instances:   1
  Class: sky130_fd_sc_hd__o32a_1 instances:   3
  Class: sky130_fd_sc_hd__o22a_1 instances:  16
  Class: sky130_fd_sc_hd__o22a_2 instances:   2
  Class: sky130_fd_sc_hd__xnor2_1 instances:  76
  Class: sky130_fd_sc_hd__xnor2_2 instances:  13
  Class: sky130_fd_sc_hd__xnor2_4 instances:   4
  Class: sky130_fd_sc_hd__nor3b_1 instances:   1
  Class: sky130_fd_sc_hd__nor3b_2 instances:   1
  Class: sky130_fd_sc_hd__nor3b_4 instances:   3
  Class: sky130_fd_sc_hd__o221a_1 instances:  19
  Class: sky130_fd_sc_hd__o221a_2 instances:   1
  Class: sky130_fd_sc_hd__o21bai_1 instances:   4
  Class: sky130_fd_sc_hd__o21bai_2 instances:   1
  Class: sky130_fd_sc_hd__o211a_1 instances:  33
  Class: sky130_fd_sc_hd__o211a_2 instances:   3
  Class: sky130_fd_sc_hd__nand2b_2 instances:   3
  Class: sky130_fd_sc_hd__a311oi_1 instances:   1
  Class: sky130_fd_sc_hd__diode_2 instances:  48
  Class: sky130_fd_sc_hd__a221o_1 instances:  12
  Class: sky130_fd_sc_hd__a221o_2 instances:   2
  Class: sky130_fd_sc_hd__a221o_4 instances:   1
  Class: sky130_fd_sc_hd__a211o_1 instances:  30
  Class: sky130_fd_sc_hd__a211o_2 instances:   9
  Class: sky130_fd_sc_hd__a211o_4 instances:  33
  Class: sky130_fd_sc_hd__o2111a_1 instances:   2
  Class: sky130_fd_sc_hd__or3b_1 instances:  12
  Class: sky130_fd_sc_hd__or3b_2 instances:   1
  Class: sky130_fd_sc_hd__or3b_4 instances:   1
  Class: sky130_fd_sc_hd__dlymetal6s2s_1 instances:  11
  Class: sky130_fd_sc_hd__or4bb_1 instances:   1
  Class: sky130_fd_sc_hd__or4bb_2 instances:   1
  Class: sky130_fd_sc_hd__nor3_1 instances:   6
  Class: sky130_fd_sc_hd__nor3_2 instances:   5
  Class: sky130_fd_sc_hd__or4bb_4 instances:   4
  Class: sky130_fd_sc_hd__a32o_1 instances:   3
  Class: sky130_fd_sc_hd__a32o_2 instances:   1
  Class: sky130_fd_sc_hd__o41a_1 instances:   6
  Class: sky130_fd_sc_hd__dlygate4sd1_1 instances:   1
  Class: sky130_fd_sc_hd__a22o_1 instances:  71
  Class: sky130_fd_sc_hd__a22o_2 instances:  20
  Class: sky130_fd_sc_hd__a22o_4 instances:  14
  Class: sky130_fd_sc_hd__o31a_1 instances:   8
  Class: sky130_fd_sc_hd__o31a_2 instances:   2
  Class: sky130_fd_sc_hd__o2bb2a_1 instances:  11
  Class: sky130_fd_sc_hd__o2bb2a_2 instances:   2
  Class: sky130_fd_sc_hd__o21a_1 instances:  56
  Class: sky130_fd_sc_hd__o21a_2 instances:   6
  Class: sky130_fd_sc_hd__o311a_1 instances:   3
  Class: sky130_fd_sc_hd__o22ai_1 instances:   1
  Class: sky130_fd_sc_hd__nor2b_1 instances:   1
  Class: sky130_fd_sc_hd__a22oi_1 instances:   3
  Class: sky130_fd_sc_hd__and4b_1 instances:   3
  Class: sky130_fd_sc_hd__a22oi_4 instances:   2
  Class: sky130_fd_sc_hd__o21ai_1 instances:  56
  Class: sky130_fd_sc_hd__and4b_2 instances:   1
  Class: sky130_fd_sc_hd__o21ai_2 instances:  11
  Class: sky130_fd_sc_hd__o21ai_4 instances:   3
  Class: sky130_fd_sc_hd__a21oi_1 instances:  97
  Class: sky130_fd_sc_hd__a21oi_2 instances:  15
  Class: sky130_fd_sc_hd__a21oi_4 instances:   6
  Class: sky130_fd_sc_hd__a311o_1 instances:   6
  Class: sky130_fd_sc_hd__a311o_2 instances:   3
  Class: sky130_fd_sc_hd__o211ai_1 instances:   1
  Class: sky130_fd_sc_hd__o211ai_2 instances:   2
  Class: sky130_fd_sc_hd__o211ai_4 instances:   5
  Class: sky130_fd_sc_hd__or2b_1 instances:  42
  Class: sky130_fd_sc_hd__or2b_2 instances:   1
  Class: sky130_fd_sc_hd__and4bb_1 instances:   7
  Class: sky130_fd_sc_hd__and4bb_2 instances:   2
  Class: sky130_fd_sc_hd__nor2_1 instances: 178
  Class: sky130_fd_sc_hd__nor2_2 instances:  20
  Class: sky130_fd_sc_hd__nor2_4 instances:   9
  Class: sky130_fd_sc_hd__nor2_8 instances:   2
Circuit contains 4005 nets.

Circuit 1 contains 3664 devices, Circuit 2 contains 3664 devices.
Circuit 1 contains 3877 nets,    Circuit 2 contains 3877 nets.


Final result: 
Circuits match uniquely.
.
Logging to file "/home/prabhat/Work_Ubuntu/RV32I_Single-Cycle_32-bit_RISC-V_Processor/openlane/riscv32_singlecycle_top/runs/rv32i_macro_GDS_flow/logs/signoff/36-riscv32_singlecycle_top.gds.lvs.log" disabled
LVS Done.
